[{"number": 23948, "title": "UpSampling1D takes long. UpSampling2D is fast.", "body": "<em>Please make sure that this is a bug. As per our [GitHub Policy](https://github.com/tensorflow/tensorflow/blob/master/ISSUES.md), we only address code/doc bugs, performance issues, feature requests and build/installation issues on GitHub. tag:bug_template</em>\r\n\r\n**System information**\r\n- OS Platform and Distribution (e.g., Linux Ubuntu 16.04): Linux Ubuntu 16.04\r\n- TensorFlow installed from (source or binary): virtual env, pip\r\n- TensorFlow version (use command below): **('v1.11.0-0-gc19e29306c', '1.11.0')**\r\n- Python version: 2.7\r\n- CUDA/cuDNN version: Yes, 9\r\n- GPU model and memory: Yes, 2GB\r\n\r\n\r\nYou can collect some of this information using our environment capture [script](https://github.com/tensorflow/tensorflow/tree/master/tools/tf_env_collect.sh)\r\nYou can also obtain the TensorFlow version with\r\npython -c \"import tensorflow as tf; print(tf.GIT_VERSION, tf.VERSION)\"\r\n**('v1.11.0-0-gc19e29306c', '1.11.0')**\r\n\r\n**Describe the current behavior**\r\nWhen I run this code, it is super slow. it takes minutes to generate the model\r\n```\r\ninput1 = tf.keras.layers.Input(shape=(input_n,1))\r\n x_a = input1\r\nfor i in range(6):\r\n    x_a = tf.keras.layers.Conv1D(8 * (2 ** i), (3), padding='same')(x_a)\r\n    x_a = Activation('relu')(x_a)\r\n    x_a = tf.keras.layers.MaxPooling1D(pool_size=2, padding='same')(x_a)\r\nlatent = x_a\r\nx_d = latent\r\nfor i in range(5,-1,-1):\r\n    x_d = tf.keras.layers.Conv1D(8 * (2 ** i), (3), padding='same')(x_d)\r\n    x_d = Activation('relu')(x_d)\r\n    x_d = tf.keras.layers.UpSampling1D(size=2)(x_d)\r\ndecoded = x_d\r\nmodel = tf.keras.models.Model(inputs=input1, outputs=decoded)\r\n```\r\n\r\n**Describe the expected behavior**\r\nBut the UpSampling2D is much faster\r\n```\r\ninput1 = tf.keras.layers.Input(shape=(input_n,1))\r\n x_a = input1\r\nfor i in range(6):\r\n    x_a = tf.keras.layers.Conv2D(8 * (2 ** i), (3), padding='same')(x_a)\r\n    x_a = Activation('relu')(x_a)\r\n    x_a = tf.keras.layers.MaxPooling2D(pool_size=2, padding='same')(x_a)\r\nlatent = x_a\r\nx_d = latent\r\nfor i in range(5,-1,-1):\r\n    x_d = tf.keras.layers.Conv2D(8 * (2 ** i), (3), padding='same')(x_d)\r\n    x_d = Activation('relu')(x_d)\r\n    x_d = tf.keras.layers.UpSampling2D(size=2)(x_d)\r\ndecoded = x_d\r\nmodel = tf.keras.models.Model(inputs=input1, outputs=decoded)\r\n```\r\n\r\nI tested every component. The reason is UpSampling1D\r\n", "comments": ["Please test with the latest version of TF and see if the issue still persists. Also the provided code snippet looks incomplete to reproduce the issue reported. Closing this issue for now. Thanks!", "Are you satisfied with the resolution of your issue?\n<a href=\"https://docs.google.com/forms/d/e/1FAIpQLSfaP12TRhd9xSxjXZjcZFNXPGk4kc1-qMdv3gc6bEP90vY1ew/viewform?entry.85265664=Yes&entry.2137816233=23948\">Yes</a>\n<a href=\"https://docs.google.com/forms/d/e/1FAIpQLSfaP12TRhd9xSxjXZjcZFNXPGk4kc1-qMdv3gc6bEP90vY1ew/viewform?entry.85265664=No&entry.2137816233=23948\">No</a>\n"]}, {"number": 23946, "title": "[BUG] `accumulate_n` fatal  in `InteractiveSession`", "body": "**System information**\r\n- Have I written custom code (as opposed to using a stock example script provided in TensorFlow): yes\r\n- OS Platform and Distribution (e.g., Linux Ubuntu 16.04): Ubuntu 18.04\r\n- Mobile device (e.g. iPhone 8, Pixel 2, Samsung Galaxy) if the issue happens on mobile device:\r\n- TensorFlow installed from (source or binary): binary, Anaconda\r\n- TensorFlow version (use command below): 1.12.0\r\n- Python version: 3.6\r\n- Bazel version (if compiling from source):\r\n- GCC/Compiler version (if compiling from source):\r\n- CUDA/cuDNN version: 9.2/7.2.1\r\n- GPU model and memory: GTX 1050 mobile, 4GB\r\n\r\n**Describe the current behavior**\r\nFailure when using `accumulate_n` (`add_n` works) with tensors (also with `tf.constant(array_here)`) with an `InteractiveSession` (works for normal session).\r\n\r\n**Describe the expected behavior**\r\nSame result as `add_n` (and no error)\r\n**Code to reproduce the issue**\r\n```\r\nimport tensorflow as tf\r\n\r\nt1 = tf.constant(1.)\r\nt2 = tf.constant(42.)\r\ntensor_list = [t1, t2]\r\nadd_n_op = tf.add_n(tensor_list)   # for comparison only\r\naccumulate_n_op = tf.accumulate_n(tensor_list) \r\nsess = tf.InteractiveSession()\r\n# sess = tf.Session()  # this would work\r\nprint(sess.run(add_n_op))  # works (print to show it works)\r\nprint(sess.run(accumulate_n_op))  # does not work\r\n```\r\n**Other info / logs**\r\nError message:  \r\n2018-11-24 11:11:27.877871: F tensorflow/compiler/jit/deadness_analysis.cc:639] Check failed: it != predicate_map_.end() AccumulateNV2/Internal/_3\r\n", "comments": ["Hello @josh11b , user points out that _accumulate_n_ op does not work in interactive session mode, but _add_n_ op works. Can you please advise. Thanks.", "I'm not familiar with the specifics of that code. Interactive session should not be significantly different from regular session. @alextp likely knows more.", "@sanjoy do you know why this jit pass is failing here?", "Usually this means the graph has an illegal cycle.  I've since changes this piece of code to print a friendlier error message:  https://github.com/tensorflow/tensorflow/blob/1ee193a2563d51ee45b401f2cff91f6e480e21db/tensorflow/compiler/jit/deadness_analysis.cc#L639\r\n\r\nMaybe you could try running on HEAD to see if that helps?", "I've run it again using the most recent master branch (CPU-only, default compilation flags: XLA on, others off).\r\n\r\nThe problem persists, the message changed though. This is the error message:\r\n\r\n```\r\nInternalError: Could not find input [id=7 AccumulateNV2_2/Internal/_2:0 -> \r\nAccumulateNV2_2/Internal/_3:0] to AccumulateNV2_2/Internal/_3 when visiting the \r\ngraph in post-order.  Most likely indicates a bug in deadness analysis.\r\n```\r\n\r\nFor completeness, the stacktrace\r\n```\r\nInternalError                             Traceback (most recent call last)\r\n~/anaconda3/envs/zfit36master1/lib/python3.6/site-packages/tensorflow/python/client/session.py in _do_call(self, fn, *args)\r\n   1334     try:\r\n-> 1335       return fn(*args)\r\n   1336     except errors.OpError as e:\r\n\r\n~/anaconda3/envs/zfit36master1/lib/python3.6/site-packages/tensorflow/python/client/session.py in _run_fn(feed_dict, fetch_list, target_list, options, run_metadata)\r\n   1319       return self._call_tf_sessionrun(\r\n-> 1320           options, feed_dict, fetch_list, target_list, run_metadata)\r\n   1321 \r\n\r\n~/anaconda3/envs/zfit36master1/lib/python3.6/site-packages/tensorflow/python/client/session.py in _call_tf_sessionrun(self, options, feed_dict, fetch_list, target_list, run_metadata)\r\n   1407         self._session, options, feed_dict, fetch_list, target_list,\r\n-> 1408         run_metadata)\r\n   1409 \r\n\r\nInternalError: Could not find input [id=7 AccumulateNV2_2/Internal/_2:0 -> AccumulateNV2_2/Internal/_3:0] to AccumulateNV2_2/Internal/_3 when visiting the graph in post-order.  Most likely indicates a bug in deadness analysis.\r\n\r\nDuring handling of the above exception, another exception occurred:\r\n\r\nInternalError                             Traceback (most recent call last)\r\n<ipython-input-11-1792673f89f6> in <module>\r\n      9 # sess = tf.Session()  # this would work\r\n     10 #print(sess.run(add_n_op))  # works (print to show it works)\r\n---> 11 print(sess.run(accumulate_n_op))  # does not work\r\n\r\n~/anaconda3/envs/zfit36master1/lib/python3.6/site-packages/tensorflow/python/client/session.py in run(self, fetches, feed_dict, options, run_metadata)\r\n    928     try:\r\n    929       result = self._run(None, fetches, feed_dict, options_ptr,\r\n--> 930                          run_metadata_ptr)\r\n    931       if run_metadata:\r\n    932         proto_data = tf_session.TF_GetBuffer(run_metadata_ptr)\r\n\r\n~/anaconda3/envs/zfit36master1/lib/python3.6/site-packages/tensorflow/python/client/session.py in _run(self, handle, fetches, feed_dict, options, run_metadata)\r\n   1151     if final_fetches or final_targets or (handle and feed_dict_tensor):\r\n   1152       results = self._do_run(handle, final_targets, final_fetches,\r\n-> 1153                              feed_dict_tensor, options, run_metadata)\r\n   1154     else:\r\n   1155       results = []\r\n\r\n~/anaconda3/envs/zfit36master1/lib/python3.6/site-packages/tensorflow/python/client/session.py in _do_run(self, handle, target_list, fetch_list, feed_dict, options, run_metadata)\r\n   1327     if handle is None:\r\n   1328       return self._do_call(_run_fn, feeds, fetches, targets, options,\r\n-> 1329                            run_metadata)\r\n   1330     else:\r\n   1331       return self._do_call(_prun_fn, handle, feeds, fetches)\r\n\r\n~/anaconda3/envs/zfit36master1/lib/python3.6/site-packages/tensorflow/python/client/session.py in _do_call(self, fn, *args)\r\n   1347           pass\r\n   1348       message = error_interpolation.interpolate(message, self._graph)\r\n-> 1349       raise type(e)(node_def, op, message)\r\n   1350 \r\n   1351   def _extend_graph(self):\r\n\r\nInternalError: Could not find input [id=7 AccumulateNV2_2/Internal/_2:0 -> AccumulateNV2_2/Internal/_3:0] to AccumulateNV2_2/Internal/_3 when visiting the graph in post-order.  Most likely indicates a bug in deadness analysis.\r\n```\r\n", "Should be fixed by https://github.com/tensorflow/tensorflow/commit/0b3c3c55e177b35d38ba33170ebe2baa3f5badff\r\n\r\nPlease re-open if you this is still broken.", "Thank you @sanjoy."]}, {"number": 23945, "title": "Automatic new type of layer creation mechanism for TensorFlow", "body": "<em>Please make sure that this is a feature request. As per our [GitHub Policy](https://github.com/tensorflow/tensorflow/blob/master/ISSUES.md), we only address code/doc bugs, performance issues, feature requests and build/installation issues on GitHub. tag:feature_template</em>\r\n\r\n\r\n**System information**\r\n- TensorFlow version (you are using): 1.12\r\n- Are you willing to contribute it (Yes/No): Yes\r\n\r\n\r\n\r\n**Describe the feature and the current behavior/state.**\r\n\r\nIDEA: I want to offer you a method that put production of a new type of layers on an industrial scale.\r\nSTATUS: Idea came to my mind I am thinking about implementation and I want to know your opinion.\r\n\r\n\r\n**Will this change the current api? How?**\r\n\r\nAPI may change as to provide compatibility to a new feature.\r\n\r\n**Who will benefit with this feature?**\r\n\r\nAPPLICATION:\r\n1. Creation of new type of layers suited for particular industries and application.\r\n2. Research work can be enhanced. We are turning a neural network into the classic mathematical language.\r\n\r\n**Any Other info.**\r\n\r\nPROBLEM: How to turn a neural network in mathematical formula suited for a creation of an absolutely new type of layer for TensorFlow. It might be used in TensorFlow, Keras,  PyTorch or anything. \r\n\r\nHOW: \r\n1, You trained your network for particular industry application and invested a lot of computational power to make it work. And this neural network work for solving a particular problem in a particular industry very well.\r\n2. You freeze all layers in your neural network.\r\n3. Let's suppose we have an MSE loss for a simplicity.\r\n4. Then you start to training target(label) looking for INTEGRAL of a function of your neural network. It will produce a mathematical formula describing a neural network. Let's call ANTI GRAD algorithm.\r\n5. After it's done you have a mathematical formula that can easily be turned into a new type of layer for particular industry application with a simple(you can tune simplicity) formula for Chemistry, Economics, Medicine.\r\n\r\nCOMMENTS:\r\nIt would require a team of programmers to make it work. So, I am looking for new opportunities and the team to make it happen.\r\n\r\n\r\n", "comments": []}, {"number": 23944, "title": "Installation with python 2.7 on MacOS,  attribute __doc__ not writable", "body": "As shown in title, I was compiling from source with python 2.7 on MacOS, and found failure described as \"AttributeError: attribute '__doc__' of 'type' objects is not writable\"\r\n\r\n\"* `ONLY_FIRST_TOWER`: Deprecated alias for `ONLY_FIRST_REPLICA'.\\n\"\r\n\r\nThen I changed this file \"variables.py\" and recompile only to found the same bug in other files.", "comments": ["@RickLee26  Request you to fill [this ](https://github.com/tensorflow/tensorflow/issues/new?template=10-build-installation-issue.md)template which helps us to look into this issue. Thanks !", "@RickLee26 I got the same error on Ubuntu 16.04. For me it was related to the enum / enum34 packages.\r\nMaybe have a look at #12491", "@RickLee26  Any update on this ? Please fill the template and keep us posted.", "We are closing this issue for now due to lack of activity. Please comment if this is still an issue for you. Thanks!"]}, {"number": 23943, "title": "Build Options for Older CPU w/o AVX", "body": "<em>Please make sure that this is a build/installation issue. As per our [GitHub Policy](https://github.com/tensorflow/tensorflow/blob/master/ISSUES.md), we only address code/doc bugs, performance issues, feature requests and build/installation issues on GitHub. tag:build_template</em>\r\n\r\n**System information**\r\n- OS Platform and Distribution (e.g., Linux Ubuntu 16.04):\r\nLinux Ubuntu 16.04\r\n- TensorFlow installed from (source or binary):\r\nsource\r\n- TensorFlow version:\r\ntensorflow-1.12.0rc0\r\n- Python version:\r\n3.6\r\n- Installed using virtualenv? pip? conda?:\r\nconda\r\n- Bazel version (if compiling from source):\r\n0.17.2\r\n- GCC/Compiler version (if compiling from source):\r\ngcc version 5.4.0\r\n- CUDA/cuDNN version:\r\nno\r\n- GPU model and memory:\r\nno\r\n\r\n**Describe the problem**\r\nI need to turn off AVX during build. However, the tf_configure.bazelrc doesn't have an explicit AVX flag. Since the build takes hours to complete, could you tell me what the flag is? Here is my tf_configure.bazelrc:\r\n\r\nimport %workspace%/tools/bazel.rc\r\nbuild --action_env PYTHON_BIN_PATH=\"/home/me/anaconda3/bin/python\"\r\nbuild --action_env PYTHON_LIB_PATH=\"/home/me/anaconda3/lib/python3.6/site-packages\"\r\nbuild --python_path=\"/home/me/anaconda3/bin/python\"\r\nbuild:xla --define with_xla_support=true\r\nbuild --action_env TF_NEED_OPENCL_SYCL=\"0\"\r\nbuild --action_env TF_NEED_ROCM=\"0\"\r\nbuild --action_env TF_NEED_CUDA=\"0\"\r\nbuild --action_env TF_DOWNLOAD_CLANG=\"0\"\r\nbuild:opt --copt=-march=native\r\nbuild:opt --copt=-Wno-sign-compare\r\nbuild:opt --host_copt=-march=native\r\nbuild:opt --define with_default_optimizations=true\r\nbuild:v2 --define=tf_api_version=2\r\n\r\n\r\n**Provide the exact sequence of commands / steps that you executed before running into the problem**\r\n\r\n2018-11-23 16:35:33.993987: F tensorflow/core/platform/cpu_feature_guard.cc:37] The TensorFlow library was compiled to use AVX instructions, but these aren't available on your machine.\r\nAborted (core dumped)\r\n\r\n\r\n", "comments": ["What\u2019s your bazel build command?", "bazel build --config=opt //tensorflow/tools/pip_package:build_pip_package\r\n\r\nAfter ./configure, as in https://www.tensorflow.org/install/source", "./configure\r\nPlease specify optimization flags to use during compilation when bazel option \"--config=opt\" is specified [Default is -march=native]: **-march=core2**\r\n\r\nOr change \"core2\" to the \u03bcarch which you are using.", "What are the permitted \"uarch\" names?\n\n I am building now  by sticking -mno-avx somewhere. It has been building\nfor a couple of hours.....\n\nOn Fri, Nov 23, 2018 at 9:37 PM Iamanorange <notifications@github.com>\nwrote:\n\n> ./configure\n> Please specify optimization flags to use during compilation when bazel\n> option \"--config=opt\" is specified [Default is -march=native]:\n> *-march=core2*\n>\n> Or change \"core2\" to the \u03bcarch which you are using.\n>\n> \u2014\n> You are receiving this because you authored the thread.\n> Reply to this email directly, view it on GitHub\n> <https://github.com/tensorflow/tensorflow/issues/23943#issuecomment-441345193>,\n> or mute the thread\n> <https://github.com/notifications/unsubscribe-auth/AX3ZAqJ8onghxQHESpBFNG7UEGdIZswOks5uyNsjgaJpZM4YxNk5>\n> .\n>\n", "https://gcc.gnu.org/onlinedocs/gcc/x86-Options.html", "I have two laptops both showed x86_64 when I type gcc -dumpmachine.\nHowever, only one of them gives the core dump message as shown above and\nthe other does not.  So the -march=xxx solution may not work.\n\nOn Fri, Nov 23, 2018 at 10:05 PM Iamanorange <notifications@github.com>\nwrote:\n\n> https://gcc.gnu.org/onlinedocs/gcc/x86-Options.html\n>\n> \u2014\n> You are receiving this because you authored the thread.\n> Reply to this email directly, view it on GitHub\n> <https://github.com/tensorflow/tensorflow/issues/23943#issuecomment-441346148>,\n> or mute the thread\n> <https://github.com/notifications/unsubscribe-auth/AX3ZAu71uu2d79guxRISVNW-JMY9eX2Eks5uyOHEgaJpZM4YxNk5>\n> .\n>\n", "The proper way to find native \u03bcarch is\r\n`gcc -Q -march=native --help=target | grep march`", "Thanks. I specified -march=sandybridge but still get the same message:\n\n2018-11-24 22:13:30.127860: F\ntensorflow/core/platform/cpu_feature_guard.cc:37] The TensorFlow library\nwas compiled to use AVX instructions, but these aren't available on your\nmachine.\n\nProcess finished with exit code 134 (interrupted by signal 6: SIGABRT)\n\nOn Fri, Nov 23, 2018 at 11:21 PM Iamanorange <notifications@github.com>\nwrote:\n\n> The proper way to find native \u03bcarch is\n> gcc -Q -march=native --help=target | grep march\n>\n> \u2014\n> You are receiving this because you authored the thread.\n> Reply to this email directly, view it on GitHub\n> <https://github.com/tensorflow/tensorflow/issues/23943#issuecomment-441349093>,\n> or mute the thread\n> <https://github.com/notifications/unsubscribe-auth/AX3ZAmESzkSZ4pSTBDJibcIC29di4G4Gks5uyPNcgaJpZM4YxNk5>\n> .\n>\n", "Why did you build with -march=sandybridge? Sandybridge is the first generation which support AVX.", "Oh, I found out my architecture is sandybridge,using the command above. The\nerror message, however, says I don't have AVX. Is there a simple way of\nturning off avx, regardless if the CPU supports it or not? I tried adding\n-mno-avx in the configuration file, but it doesn't seem to have an effect,\nstill getting the same message.\n\n\nOn Sat, Nov 24, 2018 at 11:24 PM Iamanorange <notifications@github.com>\nwrote:\n\n> Why did you build with -march=sandybridge? Sandybridge is the first\n> generation which support AVX.\n>\n> \u2014\n> You are receiving this because you authored the thread.\n> Reply to this email directly, view it on GitHub\n> <https://github.com/tensorflow/tensorflow/issues/23943#issuecomment-441420918>,\n> or mute the thread\n> <https://github.com/notifications/unsubscribe-auth/AX3ZAnRJ9YOK9ERzqpX3UcdiD99-8ybnks5uykWigaJpZM4YxNk5>\n> .\n>\n", "Try `-march=core2`.", "Just tried, still no luck. The message is the same.\n\nOn Sun, Nov 25, 2018 at 8:45 AM Iamanorange <notifications@github.com>\nwrote:\n\n> Try -march=core2.\n>\n> \u2014\n> You are receiving this because you authored the thread.\n> Reply to this email directly, view it on GitHub\n> <https://github.com/tensorflow/tensorflow/issues/23943#issuecomment-441454007>,\n> or mute the thread\n> <https://github.com/notifications/unsubscribe-auth/AX3ZApW5ha9tbtuJhOZlUPML-e0q6OjQks5uysksgaJpZM4YxNk5>\n> .\n>\n", "Did you \u2018bazel clean\u2019 between your trials?", "Hello @pauldelmusica , please try building with bazel 0.15.0 and gcc 4.8 , and let us know. Thanks.", "It has been 14 days with no activity and the `awaiting response` label was assigned. Is this still an issue?", "Automatically closing due to lack of recent activity. Please update the issue when new information becomes available, and we will reopen the issue. Thanks!\r\n", "Just chipping in here that I have the exact same problem also relating to the use of Linux-Fake-Background-Webcam on an HP Pavilion 14-ce3510sa "]}, {"number": 23942, "title": "Question about example programs", "body": "Hi, I just started using the regression portion of tensorflow. However, I can not find a program that creates a multi variable regression MODEL and a programs that uses that MODEL to make a prediction.\r\nPlease go to Stack Overflow for help and support:\r\n\r\nhttps://stackoverflow.com/questions/tagged/tensorflow\r\n\r\nIf you open a GitHub issue, here is our policy:\r\n\r\n1. It must be a bug, a feature request, or a significant problem with documentation (for small docs fixes please send a PR instead).\r\n2. The form below must be filled out.\r\n3. It shouldn't be a TensorBoard issue. Those go [here](https://github.com/tensorflow/tensorboard/issues).\r\n\r\n**Here's why we have that policy**: TensorFlow developers respond to issues. We want to focus on work that benefits the whole community, e.g., fixing bugs and adding features. Support only helps individuals. GitHub also notifies thousands of people when issues are filed. We want them to see you communicating an interesting problem, rather than being redirected to Stack Overflow.\r\n\r\n------------------------\r\n\r\n### System information\r\n- **Have I written custom code (as opposed to using a stock example script provided in TensorFlow)**:\r\n- **OS Platform and Distribution (e.g., Linux Ubuntu 16.04)**: Window 10\r\n- **Mobile device (e.g. iPhone 8, Pixel 2, Samsung Galaxy) if the issue happens on mobile device**:NONE\r\n- **TensorFlow installed from (source or binary)**:Binary(installed with pip, non gpu)\r\n- **TensorFlow version (use command below)**: 1.12\r\n- **Python version**:3.5.2\r\n- **Bazel version (if compiling from source)**:none\r\n- **GCC/Compiler version (if compiling from source)**:none\r\n- **CUDA/cuDNN version**:none\r\n- **GPU model and memory**: intel hd(can not be used with tensorflow, irrevelant)\r\n- **Exact command to reproduce**:\r\n\r\nYou can collect some of this information using our environment capture script:\r\n\r\nhttps://github.com/tensorflow/tensorflow/tree/master/tools/tf_env_collect.sh\r\n\r\nYou can obtain the TensorFlow version with:\r\n\r\n```bash\r\npython -c \"import tensorflow as tf; print(tf.GIT_VERSION, tf.VERSION)\"\r\n```\r\n\r\n### Describe the problem\r\nDescribe the problem clearly here. Be sure to convey here why it's a bug in TensorFlow or a feature request.\r\n\r\n### Source code / logs\r\nInclude any logs or source code that would be helpful to diagnose the problem. If including tracebacks, please include the full traceback. Large logs and files should be attached. Try to provide a reproducible test case that is the bare minimum necessary to generate the problem.\r\n", "comments": ["Please refer to this [article](https://medium.com/themlblog/multivariate-regression-using-deep-neural-networks-in-tensorflow-f94f42a148b3) for multi variable regression. It should help you to get started. Thanks!", "Closing due to lack of recent activity. Please update the issue when new information becomes available, and we will reopen the issue. Thanks!\r\n", "Are you satisfied with the resolution of your issue?\r\n[Yes](https://goo.gl/forms/Oe0tEvODFRoI2gJF3)\r\n[No](https://goo.gl/forms/fUjzOfrtkFbrOT8d2)"]}, {"number": 23941, "title": "Tensorflow Linux Crash", "body": "<em>Please make sure that this is a bug. As per our [GitHub Policy](https://github.com/tensorflow/tensorflow/blob/master/ISSUES.md), we only address code/doc bugs, performance issues, feature requests and build/installation issues on GitHub. tag:bug_template</em>\r\n\r\n**System information**\r\n- Have I written custom code (as opposed to using a stock example script provided in TensorFlow): Both, have tried using stock code and non-stock code.\r\n- OS Platform and Distribution (e.g., Linux Ubuntu 16.04): Linux Ubuntu 16.04\r\n- Mobile device (e.g. iPhone 8, Pixel 2, Samsung Galaxy) if the issue happens on mobile device: N/A\r\n- TensorFlow installed from (source or binary): I believe it was binary, installed it a while ago\r\n- TensorFlow version (use command below):  ('v1.7.0-3-g024aecf414', '1.7.0')\r\n- Python version: Python 2.7.12\r\n- Bazel version (if compiling from source): N/A\r\n- GCC/Compiler version (if compiling from source): N/A\r\n- CUDA/cuDNN version: CUDA = CUDA Version 9.0.176, cuDNN = Not sure, I do not see cudnn.h in the \"/usr/local/cuda/include/cudnn.h\" directory\r\n- GPU model and memory: Titan Xp, 12GB\r\n\r\n**Describe the current behavior**\r\nA while back (~6 months ago) we got a new computer with a Titan Xp GPU.  I installed Tensorflow and CUDA/cuDNN per the instructions on the Tensorflow website.  I was running into some strange behavior where running code with Tensorflow would sometimes work OK with no issue, but sometimes it would cause the entire computer to crash, where the only way to recover was through a hard reset.  I am not so experienced with Tensorflow/Linux/GPU computing, this is all relatively new to me.  So I tried wiping the computer and starting over from scratch to repeat the procedure from the beginning, and was still seeing the same behavior.  There is another GPU computer that I've been able to use that has not had this issue, so I put troubleshooting this issue onto the \"backburner\" and have not looked at it for a couple months - so I am trying to get back to resolving this.\r\n\r\nNote that there seems to be on correlation to what code causes this, it will happen with either a stock example or a custom code written for our data.  There is code that will run OK on a different machine with GPU, but will sometimes cause this behavior on this machine without changing the code.  Note that this seems to only occur when running Python+Tensorflow on the GPU, it makes me think somehow related to the GPU - maybe some driver was not configured correctly?\r\n\r\n**Describe the expected behavior**\r\nExpecting the machine to run without crashing, would expect it to give an error and stop running code rather than the entire machine crashing.\r\n\r\n**Code to reproduce the issue**\r\nSeems like running almost any code using Tensorflow will cause this behavior, does not correlated with certain code.\r\n\r\n**Other info / logs**\r\nPlease let me know what other information would be helpful.\r\n", "comments": ["I suspect misconfiguration in your NV driver. Could you post the output of \u2018sudo dmesg\u2019? A fresh reinstall of your NV driver is also recommended. If the problem remains there, please post your installation method and log.", "Thank you for the reply.  Below is the output.\r\n\r\nI will be back on the computer tomorrow.  I will try doing a fresh re-install of my NV driver and report back afterwards.\r\n\r\nsudo dmesg\r\n[    0.000000] microcode: microcode updated early to revision 0x20, date = 2018-04-10\r\n[    0.000000] Linux version 4.15.0-33-generic (buildd@lgw01-amd64-010) (gcc version 5.4.0 20160609 (Ubuntu 5.4.0-6ubuntu1~16.04.10)) #36~16.04.1-Ubuntu SMP Wed Aug 15 17:21:05 UTC 2018 (Ubuntu 4.15.0-33.36~16.04.1-generic 4.15.18)\r\n[    0.000000] Command line: BOOT_IMAGE=/boot/vmlinuz-4.15.0-33-generic root=UUID=054eb44b-74d4-4332-9e20-16806f870677 ro quiet splash\r\n[    0.000000] KERNEL supported cpus:\r\n[    0.000000]   Intel GenuineIntel\r\n[    0.000000]   AMD AuthenticAMD\r\n[    0.000000]   Centaur CentaurHauls\r\n[    0.000000] x86/fpu: Supporting XSAVE feature 0x001: 'x87 floating point registers'\r\n[    0.000000] x86/fpu: Supporting XSAVE feature 0x002: 'SSE registers'\r\n[    0.000000] x86/fpu: Supporting XSAVE feature 0x004: 'AVX registers'\r\n[    0.000000] x86/fpu: xstate_offset[2]:  576, xstate_sizes[2]:  256\r\n[    0.000000] x86/fpu: Enabled xstate features 0x7, context size is 832 bytes, using 'standard' format.\r\n[    0.000000] e820: BIOS-provided physical RAM map:\r\n[    0.000000] BIOS-e820: [mem 0x0000000000000000-0x000000000009d7ff] usable\r\n[    0.000000] BIOS-e820: [mem 0x000000000009d800-0x000000000009ffff] reserved\r\n[    0.000000] BIOS-e820: [mem 0x00000000000e0000-0x00000000000fffff] reserved\r\n[    0.000000] BIOS-e820: [mem 0x0000000000100000-0x00000000dd0dffff] usable\r\n[    0.000000] BIOS-e820: [mem 0x00000000dd0e0000-0x00000000dda90fff] reserved\r\n[    0.000000] BIOS-e820: [mem 0x00000000dda91000-0x00000000ddaa0fff] ACPI data\r\n[    0.000000] BIOS-e820: [mem 0x00000000ddaa1000-0x00000000ddbcafff] ACPI NVS\r\n[    0.000000] BIOS-e820: [mem 0x00000000ddbcb000-0x00000000de7fbfff] reserved\r\n[    0.000000] BIOS-e820: [mem 0x00000000de7fc000-0x00000000de7fcfff] usable\r\n[    0.000000] BIOS-e820: [mem 0x00000000de7fd000-0x00000000de83ffff] ACPI NVS\r\n[    0.000000] BIOS-e820: [mem 0x00000000de840000-0x00000000dec61fff] usable\r\n[    0.000000] BIOS-e820: [mem 0x00000000dec62000-0x00000000deff3fff] reserved\r\n[    0.000000] BIOS-e820: [mem 0x00000000deff4000-0x00000000deffffff] usable\r\n[    0.000000] BIOS-e820: [mem 0x00000000f8000000-0x00000000fbffffff] reserved\r\n[    0.000000] BIOS-e820: [mem 0x00000000fec00000-0x00000000fec00fff] reserved\r\n[    0.000000] BIOS-e820: [mem 0x00000000fed00000-0x00000000fed03fff] reserved\r\n[    0.000000] BIOS-e820: [mem 0x00000000fed1c000-0x00000000fed1ffff] reserved\r\n[    0.000000] BIOS-e820: [mem 0x00000000fee00000-0x00000000fee00fff] reserved\r\n[    0.000000] BIOS-e820: [mem 0x00000000ff000000-0x00000000ffffffff] reserved\r\n[    0.000000] BIOS-e820: [mem 0x0000000100000000-0x000000081effffff] usable\r\n[    0.000000] NX (Execute Disable) protection: active\r\n[    0.000000] SMBIOS 2.7 present.\r\n[    0.000000] DMI: System manufacturer System Product Name/P8Z77-V PRO, BIOS 1805 12/19/2012\r\n[    0.000000] e820: update [mem 0x00000000-0x00000fff] usable ==> reserved\r\n[    0.000000] e820: remove [mem 0x000a0000-0x000fffff] usable\r\n[    0.000000] e820: last_pfn = 0x81f000 max_arch_pfn = 0x400000000\r\n[    0.000000] MTRR default type: uncachable\r\n[    0.000000] MTRR fixed ranges enabled:\r\n[    0.000000]   00000-9FFFF write-back\r\n[    0.000000]   A0000-BFFFF uncachable\r\n[    0.000000]   C0000-CFFFF write-protect\r\n[    0.000000]   D0000-E7FFF uncachable\r\n[    0.000000]   E8000-FFFFF write-protect\r\n[    0.000000] MTRR variable ranges enabled:\r\n[    0.000000]   0 base 000000000 mask 800000000 write-back\r\n[    0.000000]   1 base 800000000 mask FF0000000 write-back\r\n[    0.000000]   2 base 810000000 mask FF8000000 write-back\r\n[    0.000000]   3 base 818000000 mask FFC000000 write-back\r\n[    0.000000]   4 base 81C000000 mask FFE000000 write-back\r\n[    0.000000]   5 base 81E000000 mask FFF000000 write-back\r\n[    0.000000]   6 base 0E0000000 mask FE0000000 uncachable\r\n[    0.000000]   7 disabled\r\n[    0.000000]   8 disabled\r\n[    0.000000]   9 disabled\r\n[    0.000000] x86/PAT: Configuration [0-7]: WB  WC  UC- UC  WB  WP  UC- WT  \r\n[    0.000000] total RAM covered: 32752M\r\n[    0.000000] Found optimal setting for mtrr clean up\r\n[    0.000000]  gran_size: 64K \tchunk_size: 32M \tnum_reg: 8  \tlose cover RAM: 0G\r\n[    0.000000] e820: update [mem 0xe0000000-0xffffffff] usable ==> reserved\r\n[    0.000000] e820: last_pfn = 0xdf000 max_arch_pfn = 0x400000000\r\n[    0.000000] found SMP MP-table at [mem 0x000fd8f0-0x000fd8ff] mapped at [        (ptrval)]\r\n[    0.000000] Scanning 1 areas for low memory corruption\r\n[    0.000000] Base memory trampoline at [        (ptrval)] 97000 size 24576\r\n[    0.000000] BRK [0x1093d000, 0x1093dfff] PGTABLE\r\n[    0.000000] BRK [0x1093e000, 0x1093efff] PGTABLE\r\n[    0.000000] BRK [0x1093f000, 0x1093ffff] PGTABLE\r\n[    0.000000] BRK [0x10940000, 0x10940fff] PGTABLE\r\n[    0.000000] BRK [0x10941000, 0x10941fff] PGTABLE\r\n[    0.000000] BRK [0x10942000, 0x10942fff] PGTABLE\r\n[    0.000000] BRK [0x10943000, 0x10943fff] PGTABLE\r\n[    0.000000] BRK [0x10944000, 0x10944fff] PGTABLE\r\n[    0.000000] BRK [0x10945000, 0x10945fff] PGTABLE\r\n[    0.000000] BRK [0x10946000, 0x10946fff] PGTABLE\r\n[    0.000000] BRK [0x10947000, 0x10947fff] PGTABLE\r\n[    0.000000] BRK [0x10948000, 0x10948fff] PGTABLE\r\n[    0.000000] RAMDISK: [mem 0x30a1a000-0x34504fff]\r\n[    0.000000] ACPI: Early table checksum verification disabled\r\n[    0.000000] ACPI: RSDP 0x00000000000F0490 000024 (v02 ALASKA)\r\n[    0.000000] ACPI: XSDT 0x00000000DDA94078 00006C (v01 ALASKA A M I    01072009 AMI  00010013)\r\n[    0.000000] ACPI: FACP 0x00000000DDA9EF48 00010C (v05 ALASKA A M I    01072009 AMI  00010013)\r\n[    0.000000] ACPI: DSDT 0x00000000DDA94180 00ADC1 (v02 ALASKA A M I    00000022 INTL 20051117)\r\n[    0.000000] ACPI: FACS 0x00000000DDBC9080 000040\r\n[    0.000000] ACPI: APIC 0x00000000DDA9F058 000092 (v03 ALASKA A M I    01072009 AMI  00010013)\r\n[    0.000000] ACPI: FPDT 0x00000000DDA9F0F0 000044 (v01 ALASKA A M I    01072009 AMI  00010013)\r\n[    0.000000] ACPI: MCFG 0x00000000DDA9F138 00003C (v01 ALASKA A M I    01072009 MSFT 00000097)\r\n[    0.000000] ACPI: HPET 0x00000000DDA9F178 000038 (v01 ALASKA A M I    01072009 AMI. 00000005)\r\n[    0.000000] ACPI: SSDT 0x00000000DDA9F1B0 00036D (v01 SataRe SataTabl 00001000 INTL 20091112)\r\n[    0.000000] ACPI: DMAR 0x00000000DDAA09C0 000080 (v01 INTEL  SNB      00000001 INTL 00000001)\r\n[    0.000000] ACPI: SSDT 0x00000000DDA9F578 0009AA (v01 PmRef  Cpu0Ist  00003000 INTL 20051117)\r\n[    0.000000] ACPI: SSDT 0x00000000DDA9FF28 000A92 (v01 PmRef  CpuPm    00003000 INTL 20051117)\r\n[    0.000000] ACPI: Local APIC address 0xfee00000\r\n[    0.000000] No NUMA configuration found\r\n[    0.000000] Faking a node at [mem 0x0000000000000000-0x000000081effffff]\r\n[    0.000000] NODE_DATA(0) allocated [mem 0x81efb8000-0x81efe2fff]\r\n[    0.000000] tsc: Fast TSC calibration using PIT\r\n[    0.000000] Zone ranges:\r\n[    0.000000]   DMA      [mem 0x0000000000001000-0x0000000000ffffff]\r\n[    0.000000]   DMA32    [mem 0x0000000001000000-0x00000000ffffffff]\r\n[    0.000000]   Normal   [mem 0x0000000100000000-0x000000081effffff]\r\n[    0.000000]   Device   empty\r\n[    0.000000] Movable zone start for each node\r\n[    0.000000] Early memory node ranges\r\n[    0.000000]   node   0: [mem 0x0000000000001000-0x000000000009cfff]\r\n[    0.000000]   node   0: [mem 0x0000000000100000-0x00000000dd0dffff]\r\n[    0.000000]   node   0: [mem 0x00000000de7fc000-0x00000000de7fcfff]\r\n[    0.000000]   node   0: [mem 0x00000000de840000-0x00000000dec61fff]\r\n[    0.000000]   node   0: [mem 0x00000000deff4000-0x00000000deffffff]\r\n[    0.000000]   node   0: [mem 0x0000000100000000-0x000000081effffff]\r\n[    0.000000] Initmem setup node 0 [mem 0x0000000000001000-0x000000081effffff]\r\n[    0.000000] On node 0 totalpages: 8373419\r\n[    0.000000]   DMA zone: 64 pages used for memmap\r\n[    0.000000]   DMA zone: 21 pages reserved\r\n[    0.000000]   DMA zone: 3996 pages, LIFO batch:0\r\n[    0.000000]   DMA32 zone: 14101 pages used for memmap\r\n[    0.000000]   DMA32 zone: 902415 pages, LIFO batch:31\r\n[    0.000000]   Normal zone: 116672 pages used for memmap\r\n[    0.000000]   Normal zone: 7467008 pages, LIFO batch:31\r\n[    0.000000] Reserved but unavailable: 100 pages\r\n[    0.000000] ACPI: PM-Timer IO Port: 0x408\r\n[    0.000000] ACPI: Local APIC address 0xfee00000\r\n[    0.000000] ACPI: LAPIC_NMI (acpi_id[0xff] high edge lint[0x1])\r\n[    0.000000] IOAPIC[0]: apic_id 2, version 32, address 0xfec00000, GSI 0-23\r\n[    0.000000] ACPI: INT_SRC_OVR (bus 0 bus_irq 0 global_irq 2 dfl dfl)\r\n[    0.000000] ACPI: INT_SRC_OVR (bus 0 bus_irq 9 global_irq 9 high level)\r\n[    0.000000] ACPI: IRQ0 used by override.\r\n[    0.000000] ACPI: IRQ9 used by override.\r\n[    0.000000] Using ACPI (MADT) for SMP configuration information\r\n[    0.000000] ACPI: HPET id: 0x8086a701 base: 0xfed00000\r\n[    0.000000] smpboot: Allowing 8 CPUs, 0 hotplug CPUs\r\n[    0.000000] PM: Registered nosave memory: [mem 0x00000000-0x00000fff]\r\n[    0.000000] PM: Registered nosave memory: [mem 0x0009d000-0x0009dfff]\r\n[    0.000000] PM: Registered nosave memory: [mem 0x0009e000-0x0009ffff]\r\n[    0.000000] PM: Registered nosave memory: [mem 0x000a0000-0x000dffff]\r\n[    0.000000] PM: Registered nosave memory: [mem 0x000e0000-0x000fffff]\r\n[    0.000000] PM: Registered nosave memory: [mem 0xdd0e0000-0xdda90fff]\r\n[    0.000000] PM: Registered nosave memory: [mem 0xdda91000-0xddaa0fff]\r\n[    0.000000] PM: Registered nosave memory: [mem 0xddaa1000-0xddbcafff]\r\n[    0.000000] PM: Registered nosave memory: [mem 0xddbcb000-0xde7fbfff]\r\n[    0.000000] PM: Registered nosave memory: [mem 0xde7fd000-0xde83ffff]\r\n[    0.000000] PM: Registered nosave memory: [mem 0xdec62000-0xdeff3fff]\r\n[    0.000000] PM: Registered nosave memory: [mem 0xdf000000-0xf7ffffff]\r\n[    0.000000] PM: Registered nosave memory: [mem 0xf8000000-0xfbffffff]\r\n[    0.000000] PM: Registered nosave memory: [mem 0xfc000000-0xfebfffff]\r\n[    0.000000] PM: Registered nosave memory: [mem 0xfec00000-0xfec00fff]\r\n[    0.000000] PM: Registered nosave memory: [mem 0xfec01000-0xfecfffff]\r\n[    0.000000] PM: Registered nosave memory: [mem 0xfed00000-0xfed03fff]\r\n[    0.000000] PM: Registered nosave memory: [mem 0xfed04000-0xfed1bfff]\r\n[    0.000000] PM: Registered nosave memory: [mem 0xfed1c000-0xfed1ffff]\r\n[    0.000000] PM: Registered nosave memory: [mem 0xfed20000-0xfedfffff]\r\n[    0.000000] PM: Registered nosave memory: [mem 0xfee00000-0xfee00fff]\r\n[    0.000000] PM: Registered nosave memory: [mem 0xfee01000-0xfeffffff]\r\n[    0.000000] PM: Registered nosave memory: [mem 0xff000000-0xffffffff]\r\n[    0.000000] e820: [mem 0xdf000000-0xf7ffffff] available for PCI devices\r\n[    0.000000] Booting paravirtualized kernel on bare hardware\r\n[    0.000000] clocksource: refined-jiffies: mask: 0xffffffff max_cycles: 0xffffffff, max_idle_ns: 7645519600211568 ns\r\n[    0.000000] random: get_random_bytes called from start_kernel+0x99/0x51b with crng_init=0\r\n[    0.000000] setup_percpu: NR_CPUS:8192 nr_cpumask_bits:8 nr_cpu_ids:8 nr_node_ids:1\r\n[    0.000000] percpu: Embedded 46 pages/cpu @        (ptrval) s151552 r8192 d28672 u262144\r\n[    0.000000] pcpu-alloc: s151552 r8192 d28672 u262144 alloc=1*2097152\r\n[    0.000000] pcpu-alloc: [0] 0 1 2 3 4 5 6 7 \r\n[    0.000000] Built 1 zonelists, mobility grouping on.  Total pages: 8242561\r\n[    0.000000] Policy zone: Normal\r\n[    0.000000] Kernel command line: BOOT_IMAGE=/boot/vmlinuz-4.15.0-33-generic root=UUID=054eb44b-74d4-4332-9e20-16806f870677 ro quiet splash\r\n[    0.000000] Calgary: detecting Calgary via BIOS EBDA area\r\n[    0.000000] Calgary: Unable to locate Rio Grande table in EBDA - bailing!\r\n[    0.000000] Memory: 32813252K/33493676K available (12300K kernel code, 2469K rwdata, 4252K rodata, 2404K init, 2416K bss, 680424K reserved, 0K cma-reserved)\r\n[    0.000000] SLUB: HWalign=64, Order=0-3, MinObjects=0, CPUs=8, Nodes=1\r\n[    0.000000] Kernel/User page tables isolation: enabled\r\n[    0.000000] ftrace: allocating 39127 entries in 153 pages\r\n[    0.000000] Hierarchical RCU implementation.\r\n[    0.000000] \tRCU restricting CPUs from NR_CPUS=8192 to nr_cpu_ids=8.\r\n[    0.000000] \tTasks RCU enabled.\r\n[    0.000000] RCU: Adjusting geometry for rcu_fanout_leaf=16, nr_cpu_ids=8\r\n[    0.000000] NR_IRQS: 524544, nr_irqs: 488, preallocated irqs: 16\r\n[    0.000000] Console: colour VGA+ 80x25\r\n[    0.000000] console [tty0] enabled\r\n[    0.000000] ACPI: Core revision 20170831\r\n[    0.000000] ACPI: 4 ACPI AML tables successfully acquired and loaded\r\n[    0.000000] clocksource: hpet: mask: 0xffffffff max_cycles: 0xffffffff, max_idle_ns: 133484882848 ns\r\n[    0.000000] hpet clockevent registered\r\n[    0.000000] APIC: Switch to symmetric I/O mode setup\r\n[    0.000000] DMAR: Host address width 36\r\n[    0.000000] DMAR: DRHD base: 0x000000fed90000 flags: 0x1\r\n[    0.000000] DMAR: dmar0: reg_base_addr fed90000 ver 1:0 cap c9008020660262 ecap f0105a\r\n[    0.000000] DMAR: RMRR base: 0x000000dda13000 end: 0x000000dda24fff\r\n[    0.000000] DMAR-IR: IOAPIC id 2 under DRHD base  0xfed90000 IOMMU 0\r\n[    0.000000] DMAR-IR: HPET id 0 under DRHD base 0xfed90000\r\n[    0.000000] DMAR-IR: Queued invalidation will be enabled to support x2apic and Intr-remapping.\r\n[    0.000000] DMAR-IR: Enabled IRQ remapping in x2apic mode\r\n[    0.000000] x2apic enabled\r\n[    0.000000] Switched APIC routing to cluster x2apic.\r\n[    0.000000] ..TIMER: vector=0x30 apic1=0 pin1=2 apic2=-1 pin2=-1\r\n[    0.020000] tsc: Fast TSC calibration using PIT\r\n[    0.024000] tsc: Detected 3410.088 MHz processor\r\n[    0.024000] Calibrating delay loop (skipped), value calculated using timer frequency.. 6820.17 BogoMIPS (lpj=13640352)\r\n[    0.024000] pid_max: default: 32768 minimum: 301\r\n[    0.024000] Security Framework initialized\r\n[    0.024000] Yama: becoming mindful.\r\n[    0.024000] AppArmor: AppArmor initialized\r\n[    0.031347] Dentry cache hash table entries: 4194304 (order: 13, 33554432 bytes)\r\n[    0.033408] Inode-cache hash table entries: 2097152 (order: 12, 16777216 bytes)\r\n[    0.033486] Mount-cache hash table entries: 65536 (order: 7, 524288 bytes)\r\n[    0.033551] Mountpoint-cache hash table entries: 65536 (order: 7, 524288 bytes)\r\n[    0.033719] ENERGY_PERF_BIAS: Set to 'normal', was 'performance'\r\n[    0.033720] ENERGY_PERF_BIAS: View and update with x86_energy_perf_policy(8)\r\n[    0.033723] mce: CPU supports 9 MCE banks\r\n[    0.033729] CPU0: Thermal monitoring enabled (TM1)\r\n[    0.033739] process: using mwait in idle threads\r\n[    0.033741] Last level iTLB entries: 4KB 512, 2MB 8, 4MB 8\r\n[    0.033741] Last level dTLB entries: 4KB 512, 2MB 32, 4MB 32, 1GB 0\r\n[    0.033743] Spectre V2 : Mitigation: Full generic retpoline\r\n[    0.033743] Spectre V2 : Spectre v2 mitigation: Enabling Indirect Branch Prediction Barrier\r\n[    0.033743] Spectre V2 : Enabling Restricted Speculation for firmware calls\r\n[    0.033744] Speculative Store Bypass: Mitigation: Speculative Store Bypass disabled via prctl and seccomp\r\n[    0.033745] L1TF: System has more than MAX_PA/2 memory. L1TF mitigation not effective.\r\n[    0.033824] Freeing SMP alternatives memory: 36K\r\n[    0.036055] TSC deadline timer enabled\r\n[    0.036057] smpboot: CPU0: Intel(R) Core(TM) i7-3770 CPU @ 3.40GHz (family: 0x6, model: 0x3a, stepping: 0x9)\r\n[    0.036111] Performance Events: PEBS fmt1+, IvyBridge events, 16-deep LBR, full-width counters, Intel PMU driver.\r\n[    0.036128] ... version:                3\r\n[    0.036128] ... bit width:              48\r\n[    0.036128] ... generic registers:      4\r\n[    0.036129] ... value mask:             0000ffffffffffff\r\n[    0.036129] ... max period:             00007fffffffffff\r\n[    0.036130] ... fixed-purpose events:   3\r\n[    0.036130] ... event mask:             000000070000000f\r\n[    0.036157] Hierarchical SRCU implementation.\r\n[    0.036962] NMI watchdog: Enabled. Permanently consumes one hw-PMU counter.\r\n[    0.036974] smp: Bringing up secondary CPUs ...\r\n[    0.037026] x86: Booting SMP configuration:\r\n[    0.037027] .... node  #0, CPUs:      #1 #2 #3 #4 #5 #6 #7\r\n[    0.052049] smp: Brought up 1 node, 8 CPUs\r\n[    0.052049] smpboot: Max logical packages: 1\r\n[    0.052049] smpboot: Total of 8 processors activated (54561.40 BogoMIPS)\r\n[    0.056628] devtmpfs: initialized\r\n[    0.056628] x86/mm: Memory block size: 128MB\r\n[    0.057698] evm: security.selinux\r\n[    0.057699] evm: security.SMACK64\r\n[    0.057699] evm: security.SMACK64EXEC\r\n[    0.057699] evm: security.SMACK64TRANSMUTE\r\n[    0.057700] evm: security.SMACK64MMAP\r\n[    0.057700] evm: security.apparmor\r\n[    0.057700] evm: security.ima\r\n[    0.057701] evm: security.capability\r\n[    0.057712] PM: Registering ACPI NVS region [mem 0xddaa1000-0xddbcafff] (1220608 bytes)\r\n[    0.057712] PM: Registering ACPI NVS region [mem 0xde7fd000-0xde83ffff] (274432 bytes)\r\n[    0.057712] clocksource: jiffies: mask: 0xffffffff max_cycles: 0xffffffff, max_idle_ns: 7645041785100000 ns\r\n[    0.057712] futex hash table entries: 2048 (order: 5, 131072 bytes)\r\n[    0.057712] pinctrl core: initialized pinctrl subsystem\r\n[    0.057712] RTC time: 16:18:52, date: 11/23/18\r\n[    0.057712] NET: Registered protocol family 16\r\n[    0.057712] audit: initializing netlink subsys (disabled)\r\n[    0.057712] audit: type=2000 audit(1542989932.056:1): state=initialized audit_enabled=0 res=1\r\n[    0.057712] cpuidle: using governor ladder\r\n[    0.057712] cpuidle: using governor menu\r\n[    0.057712] ACPI FADT declares the system doesn't support PCIe ASPM, so disable it\r\n[    0.057712] ACPI: bus type PCI registered\r\n[    0.057712] acpiphp: ACPI Hot Plug PCI Controller Driver version: 0.5\r\n[    0.057712] PCI: MMCONFIG for domain 0000 [bus 00-3f] at [mem 0xf8000000-0xfbffffff] (base 0xf8000000)\r\n[    0.057712] PCI: MMCONFIG at [mem 0xf8000000-0xfbffffff] reserved in E820\r\n[    0.057712] PCI: Using configuration type 1 for base access\r\n[    0.057712] core: PMU erratum BJ122, BV98, HSD29 worked around, HT is on\r\n[    0.060157] HugeTLB registered 2.00 MiB page size, pre-allocated 0 pages\r\n[    0.060159] ACPI: Added _OSI(Module Device)\r\n[    0.060159] ACPI: Added _OSI(Processor Device)\r\n[    0.060159] ACPI: Added _OSI(3.0 _SCP Extensions)\r\n[    0.060159] ACPI: Added _OSI(Processor Aggregator Device)\r\n[    0.060159] ACPI: Added _OSI(Linux-Dell-Video)\r\n[    0.060210] ACPI: Executed 1 blocks of module-level executable AML code\r\n[    0.064512] ACPI: Dynamic OEM Table Load:\r\n[    0.064517] ACPI: SSDT 0xFFFF8F32FA4E4000 00083B (v01 PmRef  Cpu0Cst  00003001 INTL 20051117)\r\n[    0.064648] ACPI: Dynamic OEM Table Load:\r\n[    0.064648] ACPI: SSDT 0xFFFF8F32FA74A400 000303 (v01 PmRef  ApIst    00003000 INTL 20051117)\r\n[    0.064648] ACPI: Dynamic OEM Table Load:\r\n[    0.064648] ACPI: SSDT 0xFFFF8F32FA745800 000119 (v01 PmRef  ApCst    00003000 INTL 20051117)\r\n[    0.065567] ACPI: EC: EC started\r\n[    0.065567] ACPI: EC: interrupt blocked\r\n[    0.065590] ACPI: \\_SB_.PCI0.LPCB.EC0_: Used as first EC\r\n[    0.065592] ACPI: \\_SB_.PCI0.LPCB.EC0_: GPE=0x18, EC_CMD/EC_SC=0x66, EC_DATA=0x62\r\n[    0.065593] ACPI: \\_SB_.PCI0.LPCB.EC0_: Used as boot DSDT EC to handle transactions\r\n[    0.065593] ACPI: Interpreter enabled\r\n[    0.065612] ACPI: (supports S0 S3 S4 S5)\r\n[    0.065612] ACPI: Using IOAPIC for interrupt routing\r\n[    0.065639] PCI: Using host bridge windows from ACPI; if necessary, use \"pci=nocrs\" and report a bug\r\n[    0.065841] ACPI: Enabled 9 GPEs in block 00 to 3F\r\n[    0.074686] ACPI: Power Resource [FN00] (off)\r\n[    0.074764] ACPI: Power Resource [FN01] (off)\r\n[    0.074841] ACPI: Power Resource [FN02] (off)\r\n[    0.074918] ACPI: Power Resource [FN03] (off)\r\n[    0.074994] ACPI: Power Resource [FN04] (off)\r\n[    0.075632] ACPI: PCI Root Bridge [PCI0] (domain 0000 [bus 00-3e])\r\n[    0.075636] acpi PNP0A08:00: _OSC: OS supports [ExtendedConfig ASPM ClockPM Segments MSI]\r\n[    0.075912] acpi PNP0A08:00: _OSC: platform does not support [PCIeHotplug PME]\r\n[    0.076089] acpi PNP0A08:00: _OSC: OS now controls [AER PCIeCapability]\r\n[    0.076090] acpi PNP0A08:00: FADT indicates ASPM is unsupported, using BIOS configuration\r\n[    0.076604] PCI host bridge to bus 0000:00\r\n[    0.076606] pci_bus 0000:00: root bus resource [io  0x0000-0x0cf7 window]\r\n[    0.076607] pci_bus 0000:00: root bus resource [io  0x0d00-0xffff window]\r\n[    0.076608] pci_bus 0000:00: root bus resource [mem 0x000a0000-0x000bffff window]\r\n[    0.076609] pci_bus 0000:00: root bus resource [mem 0x000d0000-0x000d3fff window]\r\n[    0.076610] pci_bus 0000:00: root bus resource [mem 0x000d4000-0x000d7fff window]\r\n[    0.076611] pci_bus 0000:00: root bus resource [mem 0x000d8000-0x000dbfff window]\r\n[    0.076612] pci_bus 0000:00: root bus resource [mem 0x000dc000-0x000dffff window]\r\n[    0.076613] pci_bus 0000:00: root bus resource [mem 0x000e0000-0x000e3fff window]\r\n[    0.076614] pci_bus 0000:00: root bus resource [mem 0x000e4000-0x000e7fff window]\r\n[    0.076615] pci_bus 0000:00: root bus resource [mem 0xe0000000-0xfeafffff window]\r\n[    0.076616] pci_bus 0000:00: root bus resource [bus 00-3e]\r\n[    0.076622] pci 0000:00:00.0: [8086:0150] type 00 class 0x060000\r\n[    0.076707] pci 0000:00:01.0: [8086:0151] type 01 class 0x060400\r\n[    0.076735] pci 0000:00:01.0: PME# supported from D0 D3hot D3cold\r\n[    0.076830] pci 0000:00:14.0: [8086:1e31] type 00 class 0x0c0330\r\n[    0.076852] pci 0000:00:14.0: reg 0x10: [mem 0xf7520000-0xf752ffff 64bit]\r\n[    0.076917] pci 0000:00:14.0: PME# supported from D3hot D3cold\r\n[    0.076992] pci 0000:00:16.0: [8086:1e3a] type 00 class 0x078000\r\n[    0.077014] pci 0000:00:16.0: reg 0x10: [mem 0xf753b000-0xf753b00f 64bit]\r\n[    0.077082] pci 0000:00:16.0: PME# supported from D0 D3hot D3cold\r\n[    0.077159] pci 0000:00:19.0: [8086:1503] type 00 class 0x020000\r\n[    0.077176] pci 0000:00:19.0: reg 0x10: [mem 0xf7500000-0xf751ffff]\r\n[    0.077183] pci 0000:00:19.0: reg 0x14: [mem 0xf7539000-0xf7539fff]\r\n[    0.077191] pci 0000:00:19.0: reg 0x18: [io  0xf040-0xf05f]\r\n[    0.077246] pci 0000:00:19.0: PME# supported from D0 D3hot D3cold\r\n[    0.077319] pci 0000:00:1a.0: [8086:1e2d] type 00 class 0x0c0320\r\n[    0.077339] pci 0000:00:1a.0: reg 0x10: [mem 0xf7538000-0xf75383ff]\r\n[    0.077418] pci 0000:00:1a.0: PME# supported from D0 D3hot D3cold\r\n[    0.077495] pci 0000:00:1b.0: [8086:1e20] type 00 class 0x040300\r\n[    0.077514] pci 0000:00:1b.0: reg 0x10: [mem 0xf7530000-0xf7533fff 64bit]\r\n[    0.077583] pci 0000:00:1b.0: PME# supported from D0 D3hot D3cold\r\n[    0.077664] pci 0000:00:1c.0: [8086:1e10] type 01 class 0x060400\r\n[    0.077742] pci 0000:00:1c.0: PME# supported from D0 D3hot D3cold\r\n[    0.077824] pci 0000:00:1c.1: [8086:1e12] type 01 class 0x060400\r\n[    0.077902] pci 0000:00:1c.1: PME# supported from D0 D3hot D3cold\r\n[    0.077982] pci 0000:00:1c.2: [8086:1e14] type 01 class 0x060400\r\n[    0.078060] pci 0000:00:1c.2: PME# supported from D0 D3hot D3cold\r\n[    0.078139] pci 0000:00:1c.3: [8086:1e16] type 01 class 0x060400\r\n[    0.078217] pci 0000:00:1c.3: PME# supported from D0 D3hot D3cold\r\n[    0.078295] pci 0000:00:1c.4: [8086:244e] type 01 class 0x060401\r\n[    0.078374] pci 0000:00:1c.4: PME# supported from D0 D3hot D3cold\r\n[    0.078455] pci 0000:00:1c.7: [8086:1e1e] type 01 class 0x060400\r\n[    0.078533] pci 0000:00:1c.7: PME# supported from D0 D3hot D3cold\r\n[    0.078612] pci 0000:00:1d.0: [8086:1e26] type 00 class 0x0c0320\r\n[    0.078632] pci 0000:00:1d.0: reg 0x10: [mem 0xf7537000-0xf75373ff]\r\n[    0.078710] pci 0000:00:1d.0: PME# supported from D0 D3hot D3cold\r\n[    0.078787] pci 0000:00:1f.0: [8086:1e44] type 00 class 0x060100\r\n[    0.078956] pci 0000:00:1f.2: [8086:1e02] type 00 class 0x010601\r\n[    0.078972] pci 0000:00:1f.2: reg 0x10: [io  0xf090-0xf097]\r\n[    0.078979] pci 0000:00:1f.2: reg 0x14: [io  0xf080-0xf083]\r\n[    0.078985] pci 0000:00:1f.2: reg 0x18: [io  0xf070-0xf077]\r\n[    0.078991] pci 0000:00:1f.2: reg 0x1c: [io  0xf060-0xf063]\r\n[    0.078998] pci 0000:00:1f.2: reg 0x20: [io  0xf020-0xf03f]\r\n[    0.079004] pci 0000:00:1f.2: reg 0x24: [mem 0xf7536000-0xf75367ff]\r\n[    0.079041] pci 0000:00:1f.2: PME# supported from D3hot\r\n[    0.079110] pci 0000:00:1f.3: [8086:1e22] type 00 class 0x0c0500\r\n[    0.079127] pci 0000:00:1f.3: reg 0x10: [mem 0xf7535000-0xf75350ff 64bit]\r\n[    0.079146] pci 0000:00:1f.3: reg 0x20: [io  0xf000-0xf01f]\r\n[    0.079266] pci 0000:01:00.0: [10de:1b02] type 00 class 0x030000\r\n[    0.079281] pci 0000:01:00.0: reg 0x10: [mem 0xf6000000-0xf6ffffff]\r\n[    0.079290] pci 0000:01:00.0: reg 0x14: [mem 0xe0000000-0xefffffff 64bit pref]\r\n[    0.079298] pci 0000:01:00.0: reg 0x1c: [mem 0xf0000000-0xf1ffffff 64bit pref]\r\n[    0.079304] pci 0000:01:00.0: reg 0x24: [io  0xe000-0xe07f]\r\n[    0.079309] pci 0000:01:00.0: reg 0x30: [mem 0xf7000000-0xf707ffff pref]\r\n[    0.079314] pci 0000:01:00.0: enabling Extended Tags\r\n[    0.079397] pci 0000:01:00.1: [10de:10ef] type 00 class 0x040300\r\n[    0.079409] pci 0000:01:00.1: reg 0x10: [mem 0xf7080000-0xf7083fff]\r\n[    0.079440] pci 0000:01:00.1: enabling Extended Tags\r\n[    0.092022] pci 0000:00:01.0: PCI bridge to [bus 01]\r\n[    0.092026] pci 0000:00:01.0:   bridge window [io  0xe000-0xefff]\r\n[    0.092029] pci 0000:00:01.0:   bridge window [mem 0xf6000000-0xf70fffff]\r\n[    0.092033] pci 0000:00:01.0:   bridge window [mem 0xe0000000-0xf1ffffff 64bit pref]\r\n[    0.092113] pci 0000:00:1c.0: PCI bridge to [bus 02]\r\n[    0.092185] pci 0000:03:00.0: [10ec:8178] type 00 class 0x028000\r\n[    0.092222] pci 0000:03:00.0: reg 0x10: [io  0xd000-0xd0ff]\r\n[    0.092258] pci 0000:03:00.0: reg 0x18: [mem 0xf7400000-0xf7403fff 64bit]\r\n[    0.092405] pci 0000:03:00.0: supports D1 D2\r\n[    0.092406] pci 0000:03:00.0: PME# supported from D0 D1 D2 D3hot D3cold\r\n[    0.104029] pci 0000:00:1c.1: PCI bridge to [bus 03]\r\n[    0.104034] pci 0000:00:1c.1:   bridge window [io  0xd000-0xdfff]\r\n[    0.104038] pci 0000:00:1c.1:   bridge window [mem 0xf7400000-0xf74fffff]\r\n[    0.104133] pci 0000:04:00.0: [1b21:1042] type 00 class 0x0c0330\r\n[    0.104172] pci 0000:04:00.0: reg 0x10: [mem 0xf7300000-0xf7307fff 64bit]\r\n[    0.104336] pci 0000:04:00.0: PME# supported from D3hot D3cold\r\n[    0.116023] pci 0000:00:1c.2: PCI bridge to [bus 04]\r\n[    0.116030] pci 0000:00:1c.2:   bridge window [mem 0xf7300000-0xf73fffff]\r\n[    0.116124] pci 0000:05:00.0: [1b21:0612] type 00 class 0x010601\r\n[    0.116152] pci 0000:05:00.0: reg 0x10: [io  0xc050-0xc057]\r\n[    0.116165] pci 0000:05:00.0: reg 0x14: [io  0xc040-0xc043]\r\n[    0.116177] pci 0000:05:00.0: reg 0x18: [io  0xc030-0xc037]\r\n[    0.116189] pci 0000:05:00.0: reg 0x1c: [io  0xc020-0xc023]\r\n[    0.116201] pci 0000:05:00.0: reg 0x20: [io  0xc000-0xc01f]\r\n[    0.116214] pci 0000:05:00.0: reg 0x24: [mem 0xf7200000-0xf72001ff]\r\n[    0.128022] pci 0000:00:1c.3: PCI bridge to [bus 05]\r\n[    0.128027] pci 0000:00:1c.3:   bridge window [io  0xc000-0xcfff]\r\n[    0.128031] pci 0000:00:1c.3:   bridge window [mem 0xf7200000-0xf72fffff]\r\n[    0.128120] pci 0000:06:00.0: [1b21:1080] type 01 class 0x060401\r\n[    0.128273] pci 0000:00:1c.4: PCI bridge to [bus 06-07] (subtractive decode)\r\n[    0.128282] pci 0000:00:1c.4:   bridge window [io  0x0000-0x0cf7 window] (subtractive decode)\r\n[    0.128283] pci 0000:00:1c.4:   bridge window [io  0x0d00-0xffff window] (subtractive decode)\r\n[    0.128284] pci 0000:00:1c.4:   bridge window [mem 0x000a0000-0x000bffff window] (subtractive decode)\r\n[    0.128285] pci 0000:00:1c.4:   bridge window [mem 0x000d0000-0x000d3fff window] (subtractive decode)\r\n[    0.128286] pci 0000:00:1c.4:   bridge window [mem 0x000d4000-0x000d7fff window] (subtractive decode)\r\n[    0.128287] pci 0000:00:1c.4:   bridge window [mem 0x000d8000-0x000dbfff window] (subtractive decode)\r\n[    0.128288] pci 0000:00:1c.4:   bridge window [mem 0x000dc000-0x000dffff window] (subtractive decode)\r\n[    0.128289] pci 0000:00:1c.4:   bridge window [mem 0x000e0000-0x000e3fff window] (subtractive decode)\r\n[    0.128290] pci 0000:00:1c.4:   bridge window [mem 0x000e4000-0x000e7fff window] (subtractive decode)\r\n[    0.128291] pci 0000:00:1c.4:   bridge window [mem 0xe0000000-0xfeafffff window] (subtractive decode)\r\n[    0.128395] pci 0000:06:00.0: PCI bridge to [bus 07] (subtractive decode)\r\n[    0.128415] pci 0000:06:00.0:   bridge window [io  0x0000-0x0cf7 window] (subtractive decode)\r\n[    0.128416] pci 0000:06:00.0:   bridge window [io  0x0d00-0xffff window] (subtractive decode)\r\n[    0.128417] pci 0000:06:00.0:   bridge window [mem 0x000a0000-0x000bffff window] (subtractive decode)\r\n[    0.128418] pci 0000:06:00.0:   bridge window [mem 0x000d0000-0x000d3fff window] (subtractive decode)\r\n[    0.128419] pci 0000:06:00.0:   bridge window [mem 0x000d4000-0x000d7fff window] (subtractive decode)\r\n[    0.128420] pci 0000:06:00.0:   bridge window [mem 0x000d8000-0x000dbfff window] (subtractive decode)\r\n[    0.128421] pci 0000:06:00.0:   bridge window [mem 0x000dc000-0x000dffff window] (subtractive decode)\r\n[    0.128422] pci 0000:06:00.0:   bridge window [mem 0x000e0000-0x000e3fff window] (subtractive decode)\r\n[    0.128423] pci 0000:06:00.0:   bridge window [mem 0x000e4000-0x000e7fff window] (subtractive decode)\r\n[    0.128424] pci 0000:06:00.0:   bridge window [mem 0xe0000000-0xfeafffff window] (subtractive decode)\r\n[    0.128498] pci 0000:08:00.0: [1b21:1042] type 00 class 0x0c0330\r\n[    0.128538] pci 0000:08:00.0: reg 0x10: [mem 0xf7100000-0xf7107fff 64bit]\r\n[    0.128702] pci 0000:08:00.0: PME# supported from D3hot D3cold\r\n[    0.140023] pci 0000:00:1c.7: PCI bridge to [bus 08]\r\n[    0.140030] pci 0000:00:1c.7:   bridge window [mem 0xf7100000-0xf71fffff]\r\n[    0.140551] ACPI: PCI Interrupt Link [LNKA] (IRQs 3 4 5 6 10 *11 12 14 15)\r\n[    0.140613] ACPI: PCI Interrupt Link [LNKB] (IRQs 3 4 5 6 *10 11 12 14 15)\r\n[    0.140673] ACPI: PCI Interrupt Link [LNKC] (IRQs 3 4 5 6 10 *11 12 14 15)\r\n[    0.140733] ACPI: PCI Interrupt Link [LNKD] (IRQs 3 4 *5 6 10 11 12 14 15)\r\n[    0.140793] ACPI: PCI Interrupt Link [LNKE] (IRQs *3 4 5 6 10 11 12 14 15)\r\n[    0.140853] ACPI: PCI Interrupt Link [LNKF] (IRQs 3 4 5 6 10 11 12 14 15) *0, disabled.\r\n[    0.140913] ACPI: PCI Interrupt Link [LNKG] (IRQs 3 *4 5 6 10 11 12 14 15)\r\n[    0.140973] ACPI: PCI Interrupt Link [LNKH] (IRQs 3 4 5 6 *10 11 12 14 15)\r\n[    0.141222] ACPI: EC: interrupt unblocked\r\n[    0.141227] ACPI: EC: event unblocked\r\n[    0.141232] ACPI: \\_SB_.PCI0.LPCB.EC0_: GPE=0x18, EC_CMD/EC_SC=0x66, EC_DATA=0x62\r\n[    0.141233] ACPI: \\_SB_.PCI0.LPCB.EC0_: Used as boot DSDT EC to handle transactions and events\r\n[    0.141386] SCSI subsystem initialized\r\n[    0.141396] libata version 3.00 loaded.\r\n[    0.141396] pci 0000:01:00.0: vgaarb: setting as boot VGA device\r\n[    0.141396] pci 0000:01:00.0: vgaarb: VGA device added: decodes=io+mem,owns=io+mem,locks=none\r\n[    0.141396] pci 0000:01:00.0: vgaarb: bridge control possible\r\n[    0.141396] vgaarb: loaded\r\n[    0.141396] ACPI: bus type USB registered\r\n[    0.141396] usbcore: registered new interface driver usbfs\r\n[    0.141396] usbcore: registered new interface driver hub\r\n[    0.141396] usbcore: registered new device driver usb\r\n[    0.141396] EDAC MC: Ver: 3.0.0\r\n[    0.141396] PCI: Using ACPI for IRQ routing\r\n[    0.141396] PCI: pci_cache_line_size set to 64 bytes\r\n[    0.141396] e820: reserve RAM buffer [mem 0x0009d800-0x0009ffff]\r\n[    0.141396] e820: reserve RAM buffer [mem 0xdd0e0000-0xdfffffff]\r\n[    0.141396] e820: reserve RAM buffer [mem 0xde7fd000-0xdfffffff]\r\n[    0.141396] e820: reserve RAM buffer [mem 0xdec62000-0xdfffffff]\r\n[    0.141396] e820: reserve RAM buffer [mem 0xdf000000-0xdfffffff]\r\n[    0.141396] e820: reserve RAM buffer [mem 0x81f000000-0x81fffffff]\r\n[    0.141445] NetLabel: Initializing\r\n[    0.141445] NetLabel:  domain hash size = 128\r\n[    0.141445] NetLabel:  protocols = UNLABELED CIPSOv4 CALIPSO\r\n[    0.141456] NetLabel:  unlabeled traffic allowed by default\r\n[    0.141466] hpet0: at MMIO 0xfed00000, IRQs 2, 8, 0, 0, 0, 0, 0, 0\r\n[    0.141466] hpet0: 8 comparators, 64-bit 14.318180 MHz counter\r\n[    0.145016] clocksource: Switched to clocksource hpet\r\n[    0.151617] VFS: Disk quotas dquot_6.6.0\r\n[    0.151630] VFS: Dquot-cache hash table entries: 512 (order 0, 4096 bytes)\r\n[    0.151699] AppArmor: AppArmor Filesystem Enabled\r\n[    0.151716] pnp: PnP ACPI init\r\n[    0.151804] system 00:00: [mem 0xfed40000-0xfed44fff] has been reserved\r\n[    0.151808] system 00:00: Plug and Play ACPI device, IDs PNP0c01 (active)\r\n[    0.151881] system 00:01: [io  0x0680-0x069f] has been reserved\r\n[    0.151882] system 00:01: [io  0x1000-0x100f] has been reserved\r\n[    0.151883] system 00:01: [io  0xffff] has been reserved\r\n[    0.151884] system 00:01: [io  0xffff] has been reserved\r\n[    0.151885] system 00:01: [io  0x0400-0x0453] has been reserved\r\n[    0.151887] system 00:01: [io  0x0458-0x047f] has been reserved\r\n[    0.151888] system 00:01: [io  0x0500-0x057f] has been reserved\r\n[    0.151889] system 00:01: [io  0x164e-0x164f] has been reserved\r\n[    0.151892] system 00:01: Plug and Play ACPI device, IDs PNP0c02 (active)\r\n[    0.151910] pnp 00:02: Plug and Play ACPI device, IDs PNP0b00 (active)\r\n[    0.151955] system 00:03: [io  0x0454-0x0457] has been reserved\r\n[    0.151958] system 00:03: Plug and Play ACPI device, IDs INT3f0d PNP0c02 (active)\r\n[    0.152061] system 00:04: [io  0x0290-0x029f] has been reserved\r\n[    0.152064] system 00:04: Plug and Play ACPI device, IDs PNP0c02 (active)\r\n[    0.152115] system 00:05: [io  0x04d0-0x04d1] has been reserved\r\n[    0.152118] system 00:05: Plug and Play ACPI device, IDs PNP0c02 (active)\r\n[    0.152352] system 00:06: [mem 0xfed1c000-0xfed1ffff] has been reserved\r\n[    0.152354] system 00:06: [mem 0xfed10000-0xfed17fff] has been reserved\r\n[    0.152355] system 00:06: [mem 0xfed18000-0xfed18fff] has been reserved\r\n[    0.152356] system 00:06: [mem 0xfed19000-0xfed19fff] has been reserved\r\n[    0.152357] system 00:06: [mem 0xf8000000-0xfbffffff] has been reserved\r\n[    0.152358] system 00:06: [mem 0xfed20000-0xfed3ffff] has been reserved\r\n[    0.152360] system 00:06: [mem 0xfed90000-0xfed93fff] could not be reserved\r\n[    0.152361] system 00:06: [mem 0xfed45000-0xfed8ffff] has been reserved\r\n[    0.152362] system 00:06: [mem 0xff000000-0xffffffff] has been reserved\r\n[    0.152363] system 00:06: [mem 0xfee00000-0xfeefffff] could not be reserved\r\n[    0.152364] system 00:06: [mem 0xf2000000-0xf2000fff] has been reserved\r\n[    0.152367] system 00:06: Plug and Play ACPI device, IDs PNP0c02 (active)\r\n[    0.152498] pnp: PnP ACPI: found 7 devices\r\n[    0.158218] clocksource: acpi_pm: mask: 0xffffff max_cycles: 0xffffff, max_idle_ns: 2085701024 ns\r\n[    0.158232] pci 0000:00:1c.0: bridge window [io  0x1000-0x0fff] to [bus 02] add_size 1000\r\n[    0.158234] pci 0000:00:1c.0: bridge window [mem 0x00100000-0x000fffff 64bit pref] to [bus 02] add_size 200000 add_align 100000\r\n[    0.158235] pci 0000:00:1c.0: bridge window [mem 0x00100000-0x000fffff] to [bus 02] add_size 200000 add_align 100000\r\n[    0.158283] pci 0000:00:1c.0: BAR 14: assigned [mem 0xf2100000-0xf22fffff]\r\n[    0.158288] pci 0000:00:1c.0: BAR 15: assigned [mem 0xf2300000-0xf24fffff 64bit pref]\r\n[    0.158290] pci 0000:00:1c.0: BAR 13: assigned [io  0x2000-0x2fff]\r\n[    0.158292] pci 0000:00:01.0: PCI bridge to [bus 01]\r\n[    0.158293] pci 0000:00:01.0:   bridge window [io  0xe000-0xefff]\r\n[    0.158295] pci 0000:00:01.0:   bridge window [mem 0xf6000000-0xf70fffff]\r\n[    0.158297] pci 0000:00:01.0:   bridge window [mem 0xe0000000-0xf1ffffff 64bit pref]\r\n[    0.158299] pci 0000:00:1c.0: PCI bridge to [bus 02]\r\n[    0.158301] pci 0000:00:1c.0:   bridge window [io  0x2000-0x2fff]\r\n[    0.158305] pci 0000:00:1c.0:   bridge window [mem 0xf2100000-0xf22fffff]\r\n[    0.158308] pci 0000:00:1c.0:   bridge window [mem 0xf2300000-0xf24fffff 64bit pref]\r\n[    0.158312] pci 0000:00:1c.1: PCI bridge to [bus 03]\r\n[    0.158314] pci 0000:00:1c.1:   bridge window [io  0xd000-0xdfff]\r\n[    0.158318] pci 0000:00:1c.1:   bridge window [mem 0xf7400000-0xf74fffff]\r\n[    0.158325] pci 0000:00:1c.2: PCI bridge to [bus 04]\r\n[    0.158329] pci 0000:00:1c.2:   bridge window [mem 0xf7300000-0xf73fffff]\r\n[    0.158335] pci 0000:00:1c.3: PCI bridge to [bus 05]\r\n[    0.158337] pci 0000:00:1c.3:   bridge window [io  0xc000-0xcfff]\r\n[    0.158341] pci 0000:00:1c.3:   bridge window [mem 0xf7200000-0xf72fffff]\r\n[    0.158348] pci 0000:06:00.0: PCI bridge to [bus 07]\r\n[    0.158366] pci 0000:00:1c.4: PCI bridge to [bus 06-07]\r\n[    0.158376] pci 0000:00:1c.7: PCI bridge to [bus 08]\r\n[    0.158379] pci 0000:00:1c.7:   bridge window [mem 0xf7100000-0xf71fffff]\r\n[    0.158387] pci_bus 0000:00: resource 4 [io  0x0000-0x0cf7 window]\r\n[    0.158388] pci_bus 0000:00: resource 5 [io  0x0d00-0xffff window]\r\n[    0.158389] pci_bus 0000:00: resource 6 [mem 0x000a0000-0x000bffff window]\r\n[    0.158390] pci_bus 0000:00: resource 7 [mem 0x000d0000-0x000d3fff window]\r\n[    0.158391] pci_bus 0000:00: resource 8 [mem 0x000d4000-0x000d7fff window]\r\n[    0.158392] pci_bus 0000:00: resource 9 [mem 0x000d8000-0x000dbfff window]\r\n[    0.158393] pci_bus 0000:00: resource 10 [mem 0x000dc000-0x000dffff window]\r\n[    0.158394] pci_bus 0000:00: resource 11 [mem 0x000e0000-0x000e3fff window]\r\n[    0.158395] pci_bus 0000:00: resource 12 [mem 0x000e4000-0x000e7fff window]\r\n[    0.158396] pci_bus 0000:00: resource 13 [mem 0xe0000000-0xfeafffff window]\r\n[    0.158397] pci_bus 0000:01: resource 0 [io  0xe000-0xefff]\r\n[    0.158398] pci_bus 0000:01: resource 1 [mem 0xf6000000-0xf70fffff]\r\n[    0.158399] pci_bus 0000:01: resource 2 [mem 0xe0000000-0xf1ffffff 64bit pref]\r\n[    0.158400] pci_bus 0000:02: resource 0 [io  0x2000-0x2fff]\r\n[    0.158401] pci_bus 0000:02: resource 1 [mem 0xf2100000-0xf22fffff]\r\n[    0.158402] pci_bus 0000:02: resource 2 [mem 0xf2300000-0xf24fffff 64bit pref]\r\n[    0.158403] pci_bus 0000:03: resource 0 [io  0xd000-0xdfff]\r\n[    0.158404] pci_bus 0000:03: resource 1 [mem 0xf7400000-0xf74fffff]\r\n[    0.158405] pci_bus 0000:04: resource 1 [mem 0xf7300000-0xf73fffff]\r\n[    0.158406] pci_bus 0000:05: resource 0 [io  0xc000-0xcfff]\r\n[    0.158407] pci_bus 0000:05: resource 1 [mem 0xf7200000-0xf72fffff]\r\n[    0.158408] pci_bus 0000:06: resource 4 [io  0x0000-0x0cf7 window]\r\n[    0.158409] pci_bus 0000:06: resource 5 [io  0x0d00-0xffff window]\r\n[    0.158410] pci_bus 0000:06: resource 6 [mem 0x000a0000-0x000bffff window]\r\n[    0.158411] pci_bus 0000:06: resource 7 [mem 0x000d0000-0x000d3fff window]\r\n[    0.158412] pci_bus 0000:06: resource 8 [mem 0x000d4000-0x000d7fff window]\r\n[    0.158413] pci_bus 0000:06: resource 9 [mem 0x000d8000-0x000dbfff window]\r\n[    0.158414] pci_bus 0000:06: resource 10 [mem 0x000dc000-0x000dffff window]\r\n[    0.158415] pci_bus 0000:06: resource 11 [mem 0x000e0000-0x000e3fff window]\r\n[    0.158416] pci_bus 0000:06: resource 12 [mem 0x000e4000-0x000e7fff window]\r\n[    0.158417] pci_bus 0000:06: resource 13 [mem 0xe0000000-0xfeafffff window]\r\n[    0.158418] pci_bus 0000:07: resource 4 [io  0x0000-0x0cf7 window]\r\n[    0.158419] pci_bus 0000:07: resource 5 [io  0x0d00-0xffff window]\r\n[    0.158420] pci_bus 0000:07: resource 6 [mem 0x000a0000-0x000bffff window]\r\n[    0.158421] pci_bus 0000:07: resource 7 [mem 0x000d0000-0x000d3fff window]\r\n[    0.158422] pci_bus 0000:07: resource 8 [mem 0x000d4000-0x000d7fff window]\r\n[    0.158423] pci_bus 0000:07: resource 9 [mem 0x000d8000-0x000dbfff window]\r\n[    0.158424] pci_bus 0000:07: resource 10 [mem 0x000dc000-0x000dffff window]\r\n[    0.158425] pci_bus 0000:07: resource 11 [mem 0x000e0000-0x000e3fff window]\r\n[    0.158426] pci_bus 0000:07: resource 12 [mem 0x000e4000-0x000e7fff window]\r\n[    0.158427] pci_bus 0000:07: resource 13 [mem 0xe0000000-0xfeafffff window]\r\n[    0.158428] pci_bus 0000:08: resource 1 [mem 0xf7100000-0xf71fffff]\r\n[    0.158515] NET: Registered protocol family 2\r\n[    0.158679] TCP established hash table entries: 262144 (order: 9, 2097152 bytes)\r\n[    0.158938] TCP bind hash table entries: 65536 (order: 8, 1048576 bytes)\r\n[    0.159044] TCP: Hash tables configured (established 262144 bind 65536)\r\n[    0.159078] UDP hash table entries: 16384 (order: 7, 524288 bytes)\r\n[    0.159144] UDP-Lite hash table entries: 16384 (order: 7, 524288 bytes)\r\n[    0.159230] NET: Registered protocol family 1\r\n[    0.208142] pci 0000:01:00.0: Video device with shadowed ROM at [mem 0x000c0000-0x000dffff]\r\n[    0.208151] PCI: CLS mismatch (64 != 32), using 64 bytes\r\n[    0.208470] Unpacking initramfs...\r\n[    0.825459] Freeing initrd memory: 60332K\r\n[    0.825489] PCI-DMA: Using software bounce buffering for IO (SWIOTLB)\r\n[    0.825491] software IO TLB [mem 0xd90e0000-0xdd0e0000] (64MB) mapped at [        (ptrval)-        (ptrval)]\r\n[    0.825767] Scanning for low memory corruption every 60 seconds\r\n[    0.826263] Initialise system trusted keyrings\r\n[    0.826271] Key type blacklist registered\r\n[    0.826298] workingset: timestamp_bits=36 max_order=23 bucket_order=0\r\n[    0.827055] zbud: loaded\r\n[    0.827400] squashfs: version 4.0 (2009/01/31) Phillip Lougher\r\n[    0.827492] fuse init (API version 7.26)\r\n[    0.828426] Key type asymmetric registered\r\n[    0.828426] Asymmetric key parser 'x509' registered\r\n[    0.828447] Block layer SCSI generic (bsg) driver version 0.4 loaded (major 246)\r\n[    0.828484] io scheduler noop registered\r\n[    0.828484] io scheduler deadline registered\r\n[    0.828512] io scheduler cfq registered (default)\r\n[    0.829220] intel_idle: MWAIT substates: 0x1120\r\n[    0.829220] intel_idle: v0.4.1 model 0x3A\r\n[    0.829405] intel_idle: lapic_timer_reliable_states 0xffffffff\r\n[    0.829475] input: Power Button as /devices/LNXSYSTM:00/LNXSYBUS:00/PNP0C0C:00/input/input0\r\n[    0.829495] ACPI: Power Button [PWRB]\r\n[    0.829520] input: Power Button as /devices/LNXSYSTM:00/LNXPWRBN:00/input/input1\r\n[    0.829534] ACPI: Power Button [PWRF]\r\n[    0.830275] (NULL device *): hwmon_device_register() is deprecated. Please convert the driver to use hwmon_device_register_with_info().\r\n[    0.830420] thermal LNXTHERM:00: registered as thermal_zone0\r\n[    0.830421] ACPI: Thermal Zone [TZ00] (28 C)\r\n[    0.830685] thermal LNXTHERM:01: registered as thermal_zone1\r\n[    0.830685] ACPI: Thermal Zone [TZ01] (30 C)\r\n[    0.830780] Serial: 8250/16550 driver, 32 ports, IRQ sharing enabled\r\n[    0.832109] Linux agpgart interface v0.103\r\n[    0.833478] loop: module loaded\r\n[    0.833588] libphy: Fixed MDIO Bus: probed\r\n[    0.833589] tun: Universal TUN/TAP device driver, 1.6\r\n[    0.833612] PPP generic driver version 2.4.2\r\n[    0.833640] ehci_hcd: USB 2.0 'Enhanced' Host Controller (EHCI) Driver\r\n[    0.833641] ehci-pci: EHCI PCI platform driver\r\n[    0.833733] ehci-pci 0000:00:1a.0: EHCI Host Controller\r\n[    0.833737] ehci-pci 0000:00:1a.0: new USB bus registered, assigned bus number 1\r\n[    0.833747] ehci-pci 0000:00:1a.0: debug port 2\r\n[    0.837641] ehci-pci 0000:00:1a.0: cache line size of 64 is not supported\r\n[    0.837658] ehci-pci 0000:00:1a.0: irq 16, io mem 0xf7538000\r\n[    0.852019] ehci-pci 0000:00:1a.0: USB 2.0 started, EHCI 1.00\r\n[    0.852054] usb usb1: New USB device found, idVendor=1d6b, idProduct=0002\r\n[    0.852056] usb usb1: New USB device strings: Mfr=3, Product=2, SerialNumber=1\r\n[    0.852057] usb usb1: Product: EHCI Host Controller\r\n[    0.852058] usb usb1: Manufacturer: Linux 4.15.0-33-generic ehci_hcd\r\n[    0.852059] usb usb1: SerialNumber: 0000:00:1a.0\r\n[    0.852191] hub 1-0:1.0: USB hub found\r\n[    0.852197] hub 1-0:1.0: 2 ports detected\r\n[    0.852394] ehci-pci 0000:00:1d.0: EHCI Host Controller\r\n[    0.852397] ehci-pci 0000:00:1d.0: new USB bus registered, assigned bus number 2\r\n[    0.852406] ehci-pci 0000:00:1d.0: debug port 2\r\n[    0.856286] ehci-pci 0000:00:1d.0: cache line size of 64 is not supported\r\n[    0.856296] ehci-pci 0000:00:1d.0: irq 23, io mem 0xf7537000\r\n[    0.872021] ehci-pci 0000:00:1d.0: USB 2.0 started, EHCI 1.00\r\n[    0.872049] usb usb2: New USB device found, idVendor=1d6b, idProduct=0002\r\n[    0.872050] usb usb2: New USB device strings: Mfr=3, Product=2, SerialNumber=1\r\n[    0.872051] usb usb2: Product: EHCI Host Controller\r\n[    0.872052] usb usb2: Manufacturer: Linux 4.15.0-33-generic ehci_hcd\r\n[    0.872053] usb usb2: SerialNumber: 0000:00:1d.0\r\n[    0.872190] hub 2-0:1.0: USB hub found\r\n[    0.872195] hub 2-0:1.0: 2 ports detected\r\n[    0.872301] ehci-platform: EHCI generic platform driver\r\n[    0.872308] ohci_hcd: USB 1.1 'Open' Host Controller (OHCI) Driver\r\n[    0.872310] ohci-pci: OHCI PCI platform driver\r\n[    0.872316] ohci-platform: OHCI generic platform driver\r\n[    0.872320] uhci_hcd: USB Universal Host Controller Interface driver\r\n[    0.872412] xhci_hcd 0000:00:14.0: xHCI Host Controller\r\n[    0.872416] xhci_hcd 0000:00:14.0: new USB bus registered, assigned bus number 3\r\n[    0.873487] xhci_hcd 0000:00:14.0: hcc params 0x20007181 hci version 0x100 quirks 0x0000b930\r\n[    0.873491] xhci_hcd 0000:00:14.0: cache line size of 64 is not supported\r\n[    0.873591] usb usb3: New USB device found, idVendor=1d6b, idProduct=0002\r\n[    0.873592] usb usb3: New USB device strings: Mfr=3, Product=2, SerialNumber=1\r\n[    0.873593] usb usb3: Product: xHCI Host Controller\r\n[    0.873594] usb usb3: Manufacturer: Linux 4.15.0-33-generic xhci-hcd\r\n[    0.873595] usb usb3: SerialNumber: 0000:00:14.0\r\n[    0.873717] hub 3-0:1.0: USB hub found\r\n[    0.873726] hub 3-0:1.0: 4 ports detected\r\n[    0.874030] xhci_hcd 0000:00:14.0: xHCI Host Controller\r\n[    0.874032] xhci_hcd 0000:00:14.0: new USB bus registered, assigned bus number 4\r\n[    0.874035] xhci_hcd 0000:00:14.0: Host supports USB 3.0  SuperSpeed\r\n[    0.874056] usb usb4: New USB device found, idVendor=1d6b, idProduct=0003\r\n[    0.874058] usb usb4: New USB device strings: Mfr=3, Product=2, SerialNumber=1\r\n[    0.874058] usb usb4: Product: xHCI Host Controller\r\n[    0.874059] usb usb4: Manufacturer: Linux 4.15.0-33-generic xhci-hcd\r\n[    0.874060] usb usb4: SerialNumber: 0000:00:14.0\r\n[    0.874184] hub 4-0:1.0: USB hub found\r\n[    0.874192] hub 4-0:1.0: 4 ports detected\r\n[    0.874568] xhci_hcd 0000:04:00.0: xHCI Host Controller\r\n[    0.874571] xhci_hcd 0000:04:00.0: new USB bus registered, assigned bus number 5\r\n[    0.933951] xhci_hcd 0000:04:00.0: hcc params 0x0200f180 hci version 0x96 quirks 0x00080000\r\n[    0.934196] usb usb5: New USB device found, idVendor=1d6b, idProduct=0002\r\n[    0.934197] usb usb5: New USB device strings: Mfr=3, Product=2, SerialNumber=1\r\n[    0.934198] usb usb5: Product: xHCI Host Controller\r\n[    0.934199] usb usb5: Manufacturer: Linux 4.15.0-33-generic xhci-hcd\r\n[    0.934200] usb usb5: SerialNumber: 0000:04:00.0\r\n[    0.934342] hub 5-0:1.0: USB hub found\r\n[    0.934350] hub 5-0:1.0: 2 ports detected\r\n[    0.934415] xhci_hcd 0000:04:00.0: xHCI Host Controller\r\n[    0.934417] xhci_hcd 0000:04:00.0: new USB bus registered, assigned bus number 6\r\n[    0.934419] xhci_hcd 0000:04:00.0: Host supports USB 3.0  SuperSpeed\r\n[    0.934436] usb usb6: We don't know the algorithms for LPM for this host, disabling LPM.\r\n[    0.934447] usb usb6: New USB device found, idVendor=1d6b, idProduct=0003\r\n[    0.934448] usb usb6: New USB device strings: Mfr=3, Product=2, SerialNumber=1\r\n[    0.934449] usb usb6: Product: xHCI Host Controller\r\n[    0.934450] usb usb6: Manufacturer: Linux 4.15.0-33-generic xhci-hcd\r\n[    0.934451] usb usb6: SerialNumber: 0000:04:00.0\r\n[    0.934595] hub 6-0:1.0: USB hub found\r\n[    0.934604] hub 6-0:1.0: 2 ports detected\r\n[    0.934726] xhci_hcd 0000:08:00.0: xHCI Host Controller\r\n[    0.934729] xhci_hcd 0000:08:00.0: new USB bus registered, assigned bus number 7\r\n[    0.994106] xhci_hcd 0000:08:00.0: hcc params 0x0200f180 hci version 0x96 quirks 0x00080000\r\n[    0.994345] usb usb7: New USB device found, idVendor=1d6b, idProduct=0002\r\n[    0.994346] usb usb7: New USB device strings: Mfr=3, Product=2, SerialNumber=1\r\n[    0.994347] usb usb7: Product: xHCI Host Controller\r\n[    0.994348] usb usb7: Manufacturer: Linux 4.15.0-33-generic xhci-hcd\r\n[    0.994349] usb usb7: SerialNumber: 0000:08:00.0\r\n[    0.994460] hub 7-0:1.0: USB hub found\r\n[    0.994466] hub 7-0:1.0: 2 ports detected\r\n[    0.994526] xhci_hcd 0000:08:00.0: xHCI Host Controller\r\n[    0.994529] xhci_hcd 0000:08:00.0: new USB bus registered, assigned bus number 8\r\n[    0.994531] xhci_hcd 0000:08:00.0: Host supports USB 3.0  SuperSpeed\r\n[    0.994548] usb usb8: We don't know the algorithms for LPM for this host, disabling LPM.\r\n[    0.994558] usb usb8: New USB device found, idVendor=1d6b, idProduct=0003\r\n[    0.994560] usb usb8: New USB device strings: Mfr=3, Product=2, SerialNumber=1\r\n[    0.994560] usb usb8: Product: xHCI Host Controller\r\n[    0.994561] usb usb8: Manufacturer: Linux 4.15.0-33-generic xhci-hcd\r\n[    0.994562] usb usb8: SerialNumber: 0000:08:00.0\r\n[    0.994674] hub 8-0:1.0: USB hub found\r\n[    0.994680] hub 8-0:1.0: 2 ports detected\r\n[    0.994762] i8042: PNP: No PS/2 controller found.\r\n[    0.994906] mousedev: PS/2 mouse device common for all mice\r\n[    0.995062] rtc_cmos 00:02: RTC can wake from S4\r\n[    0.995172] rtc_cmos 00:02: rtc core: registered rtc_cmos as rtc0\r\n[    0.995196] rtc_cmos 00:02: alarms up to one month, y3k, 242 bytes nvram, hpet irqs\r\n[    0.995201] i2c /dev entries driver\r\n[    0.995229] device-mapper: uevent: version 1.0.3\r\n[    0.995269] device-mapper: ioctl: 4.37.0-ioctl (2017-09-20) initialised: dm-devel@redhat.com\r\n[    0.995273] intel_pstate: Intel P-state driver initializing\r\n[    0.995712] ledtrig-cpu: registered to indicate activity on CPUs\r\n[    0.996120] NET: Registered protocol family 10\r\n[    1.000700] Segment Routing with IPv6\r\n[    1.000713] NET: Registered protocol family 17\r\n[    1.000756] Key type dns_resolver registered\r\n[    1.001210] RAS: Correctable Errors collector initialized.\r\n[    1.001227] microcode: sig=0x306a9, pf=0x2, revision=0x20\r\n[    1.001377] microcode: Microcode Update Driver: v2.2.\r\n[    1.001383] sched_clock: Marking stable (1001373622, 0)->(1108854930, -107481308)\r\n[    1.001625] registered taskstats version 1\r\n[    1.001631] Loading compiled-in X.509 certificates\r\n[    1.003832] Loaded X.509 cert 'Build time autogenerated kernel key: d918b280ed158d77154089242222928ec1ab43e6'\r\n[    1.003844] zswap: loaded using pool lzo/zbud\r\n[    1.007151] Key type big_key registered\r\n[    1.007154] Key type trusted registered\r\n[    1.008773] Key type encrypted registered\r\n[    1.008774] AppArmor: AppArmor sha1 policy hashing enabled\r\n[    1.008776] ima: No TPM chip found, activating TPM-bypass! (rc=-19)\r\n[    1.008790] evm: HMAC attrs: 0x1\r\n[    1.009056]   Magic number: 10:727:338\r\n[    1.009066] thermal thermal_zone1: hash matches\r\n[    1.009072] tty tty59: hash matches\r\n[    1.009110] memory memory188: hash matches\r\n[    1.009168] rtc_cmos 00:02: setting system clock to 2018-11-23 16:18:53 UTC (1542989933)\r\n[    1.009237] BIOS EDD facility v0.16 2004-Jun-25, 0 devices found\r\n[    1.009237] EDD information not available.\r\n[    1.010655] Freeing unused kernel memory: 2404K\r\n[    1.060045] Write protecting the kernel read-only data: 20480k\r\n[    1.060512] Freeing unused kernel memory: 2008K\r\n[    1.063209] Freeing unused kernel memory: 1892K\r\n[    1.068156] x86/mm: Checked W+X mappings: passed, no W+X pages found.\r\n[    1.068156] x86/mm: Checking user space page tables\r\n[    1.072847] x86/mm: Checked W+X mappings: passed, no W+X pages found.\r\n[    1.080604] random: systemd-udevd: uninitialized urandom read (16 bytes read)\r\n[    1.080667] random: systemd-udevd: uninitialized urandom read (16 bytes read)\r\n[    1.080676] random: systemd-udevd: uninitialized urandom read (16 bytes read)\r\n[    1.124534] pps_core: LinuxPPS API ver. 1 registered\r\n[    1.124535] pps_core: Software ver. 5.3.6 - Copyright 2005-2007 Rodolfo Giometti <giometti@linux.it>\r\n[    1.125575] PTP clock support registered\r\n[    1.127616] ahci 0000:00:1f.2: version 3.0\r\n[    1.129515] e1000e: Intel(R) PRO/1000 Network Driver - 3.2.6-k\r\n[    1.129515] e1000e: Copyright(c) 1999 - 2015 Intel Corporation.\r\n[    1.137920] ahci 0000:00:1f.2: AHCI 0001.0300 32 slots 6 ports 6 Gbps 0x24 impl SATA mode\r\n[    1.137923] ahci 0000:00:1f.2: flags: 64bit ncq led clo pio slum part ems apst \r\n[    1.138506] nvidia: loading out-of-tree module taints kernel.\r\n[    1.138511] nvidia: module license 'NVIDIA' taints kernel.\r\n[    1.138512] Disabling lock debugging due to kernel taint\r\n[    1.142105] nvidia: module verification failed: signature and/or required key missing - tainting kernel\r\n[    1.147896] nvidia-nvlink: Nvlink Core is being initialized, major device number 242\r\n[    1.148170] nvidia 0000:01:00.0: vgaarb: changed VGA decodes: olddecodes=io+mem,decodes=none:owns=io+mem\r\n[    1.148228] NVRM: loading NVIDIA UNIX x86_64 Kernel Module  384.130  Wed Mar 21 03:37:26 PDT 2018 (using threaded interrupts)\r\n[    1.148604] scsi host0: ahci\r\n[    1.149285] nvidia-modeset: Loading NVIDIA Kernel Mode Setting Driver for UNIX platforms  384.130  Wed Mar 21 02:59:49 PDT 2018\r\n[    1.149754] [drm] [nvidia-drm] [GPU ID 0x00000100] Loading driver\r\n[    1.149755] [drm] Initialized nvidia-drm 0.0.0 20160202 for 0000:01:00.0 on minor 0\r\n[    1.152030] scsi host1: ahci\r\n[    1.156210] scsi host2: ahci\r\n[    1.156371] scsi host3: ahci\r\n[    1.156472] scsi host4: ahci\r\n[    1.156534] scsi host5: ahci\r\n[    1.156572] ata1: DUMMY\r\n[    1.156573] ata2: DUMMY\r\n[    1.156576] ata3: SATA max UDMA/133 abar m2048@0xf7536000 port 0xf7536200 irq 42\r\n[    1.156577] ata4: DUMMY\r\n[    1.156577] ata5: DUMMY\r\n[    1.156580] ata6: SATA max UDMA/133 abar m2048@0xf7536000 port 0xf7536380 irq 42\r\n[    1.156790] ahci 0000:05:00.0: SSS flag set, parallel bus scan disabled\r\n[    1.156834] ahci 0000:05:00.0: AHCI 0001.0200 32 slots 2 ports 6 Gbps 0x3 impl SATA mode\r\n[    1.156835] ahci 0000:05:00.0: flags: 64bit ncq sntf stag led clo pmp pio slum part ccc sxs \r\n[    1.157003] scsi host6: ahci\r\n[    1.157065] scsi host7: ahci\r\n[    1.157093] ata7: SATA max UDMA/133 abar m512@0xf7200000 port 0xf7200100 irq 43\r\n[    1.157096] ata8: SATA max UDMA/133 abar m512@0xf7200000 port 0xf7200180 irq 43\r\n[    1.157122] e1000e 0000:00:19.0: Interrupt Throttling Rate (ints/sec) set to dynamic conservative mode\r\n[    1.192013] usb 1-1: new high-speed USB device number 2 using ehci-pci\r\n[    1.212032] usb 2-1: new high-speed USB device number 2 using ehci-pci\r\n[    1.266758] e1000e 0000:00:19.0 0000:00:19.0 (uninitialized): registered PHC clock\r\n[    1.328009] usb 7-2: new high-speed USB device number 2 using xhci_hcd\r\n[    1.348352] usb 1-1: New USB device found, idVendor=8087, idProduct=0024\r\n[    1.348356] usb 1-1: New USB device strings: Mfr=0, Product=0, SerialNumber=0\r\n[    1.348606] hub 1-1:1.0: USB hub found\r\n[    1.348712] hub 1-1:1.0: 6 ports detected\r\n[    1.368720] usb 2-1: New USB device found, idVendor=8087, idProduct=0024\r\n[    1.368723] usb 2-1: New USB device strings: Mfr=0, Product=0, SerialNumber=0\r\n[    1.368981] hub 2-1:1.0: USB hub found\r\n[    1.369080] hub 2-1:1.0: 8 ports detected\r\n[    1.369425] e1000e 0000:00:19.0 eth0: (PCI Express:2.5GT/s:Width x1) 60:a4:4c:b0:cf:9d\r\n[    1.369426] e1000e 0000:00:19.0 eth0: Intel(R) PRO/1000 Network Connection\r\n[    1.369461] e1000e 0000:00:19.0 eth0: MAC: 10, PHY: 11, PBA No: FFFFFF-0FF\r\n[    1.370205] e1000e 0000:00:19.0 eno1: renamed from eth0\r\n[    1.470484] ata7: SATA link down (SStatus 0 SControl 300)\r\n[    1.470487] ata3: SATA link up 3.0 Gbps (SStatus 123 SControl 300)\r\n[    1.470624] ata6: SATA link up 1.5 Gbps (SStatus 113 SControl 300)\r\n[    1.470762] ACPI Error: [DSSP] Namespace lookup failure, AE_NOT_FOUND (20170831/psargs-364)\r\n[    1.470823] No Local Variables are initialized for Method [_GTF]\r\n[    1.470824] No Arguments are initialized for method [_GTF]\r\n[    1.470825] ACPI Error: Method parse/execution failed \\_SB.PCI0.SAT0.SPT2._GTF, AE_NOT_FOUND (20170831/psparse-550)\r\n[    1.471298] ata3.00: NCQ Send/Recv Log not supported\r\n[    1.471301] ata3.00: ATA-9: Samsung SSD 840 EVO 250GB, EXT0BB0Q, max UDMA/133\r\n[    1.471303] ata3.00: 488397168 sectors, multi 16: LBA48 NCQ (depth 31/32), AA\r\n[    1.471531] ACPI Error: [DSSP] Namespace lookup failure, AE_NOT_FOUND (20170831/psargs-364)\r\n[    1.471606] No Local Variables are initialized for Method [_GTF]\r\n[    1.471607] No Arguments are initialized for method [_GTF]\r\n[    1.471608] ACPI Error: Method parse/execution failed \\_SB.PCI0.SAT0.SPT2._GTF, AE_NOT_FOUND (20170831/psparse-550)\r\n[    1.472138] ata3.00: NCQ Send/Recv Log not supported\r\n[    1.472142] ata3.00: configured for UDMA/133\r\n[    1.472481] ACPI Error: \r\n[    1.472482] scsi 2:0:0:0: Direct-Access     ATA      Samsung SSD 840  BB0Q PQ: 0 ANSI: 5\r\n[    1.472482] [DSSP] Namespace lookup failure, AE_NOT_FOUND (20170831/psargs-364)\r\n[    1.472487] No Local Variables are initialized for Method [_GTF]\r\n[    1.472487] No Arguments are initialized for method [_GTF]\r\n[    1.472489] ACPI Error: Method parse/execution failed \\_SB.PCI0.SAT0.SPT5._GTF, AE_NOT_FOUND (20170831/psparse-550)\r\n[    1.472495] ata6.00: ATAPI: ATAPI   iHAS124   W, HL0F, max UDMA/100\r\n[    1.472901] sd 2:0:0:0: Attached scsi generic sg0 type 0\r\n[    1.473058] sd 2:0:0:0: [sda] 488397168 512-byte logical blocks: (250 GB/233 GiB)\r\n[    1.473098] sd 2:0:0:0: [sda] Write Protect is off\r\n[    1.473099] sd 2:0:0:0: [sda] Mode Sense: 00 3a 00 00\r\n[    1.473186] sd 2:0:0:0: [sda] Write cache: enabled, read cache: enabled, doesn't support DPO or FUA\r\n[    1.474375] ACPI Error: [DSSP] Namespace lookup failure, AE_NOT_FOUND (20170831/psargs-364)\r\n[    1.474434] No Local Variables are initialized for Method [_GTF]\r\n[    1.474435] No Arguments are initialized for method [_GTF]\r\n[    1.474436] ACPI Error: Method parse/execution failed \\_SB.PCI0.SAT0.SPT5._GTF, AE_NOT_FOUND (20170831/psparse-550)\r\n[    1.474498] ata6.00: configured for UDMA/100\r\n[    1.475460] scsi 5:0:0:0: CD-ROM            ATAPI    iHAS124   W      HL0F PQ: 0 ANSI: 5\r\n[    1.479396]  sda: sda1 sda2 < sda5 >\r\n[    1.479745] sd 2:0:0:0: [sda] Attached SCSI disk\r\n[    1.550593] sr 5:0:0:0: [sr0] scsi3-mmc drive: 188x/125x writer dvd-ram cd/rw xa/form2 cdda tray\r\n[    1.550595] cdrom: Uniform CD-ROM driver Revision: 3.20\r\n[    1.550726] sr 5:0:0:0: Attached scsi CD-ROM sr0\r\n[    1.550799] sr 5:0:0:0: Attached scsi generic sg1 type 5\r\n[    1.589944] usb 7-2: New USB device found, idVendor=0b95, idProduct=772b\r\n[    1.589945] usb 7-2: New USB device strings: Mfr=1, Product=2, SerialNumber=3\r\n[    1.589946] usb 7-2: SerialNumber: 0008B1\r\n[    1.640026] usb 1-1.5: new low-speed USB device number 3 using ehci-pci\r\n[    1.752215] usb 1-1.5: New USB device found, idVendor=03f0, idProduct=094a\r\n[    1.752219] usb 1-1.5: New USB device strings: Mfr=1, Product=2, SerialNumber=0\r\n[    1.752221] usb 1-1.5: Product: HP USB Optical Mouse\r\n[    1.752223] usb 1-1.5: Manufacturer: PixArt\r\n[    1.755508] hidraw: raw HID events driver (C) Jiri Kosina\r\n[    1.758230] usbcore: registered new interface driver usbhid\r\n[    1.758231] usbhid: USB HID core driver\r\n[    1.759319] input: PixArt HP USB Optical Mouse as /devices/pci0000:00/0000:00:1a.0/usb1/1-1/1-1.5/1-1.5:1.0/0003:03F0:094A.0001/input/input2\r\n[    1.759383] hid-generic 0003:03F0:094A.0001: input,hidraw0: USB HID v1.11 Mouse [PixArt HP USB Optical Mouse] on usb-0000:00:1a.0-1.5/input0\r\n[    1.835992] usb 1-1.6: new low-speed USB device number 4 using ehci-pci\r\n[    1.852003] tsc: Refined TSC clocksource calibration: 3410.014 MHz\r\n[    1.852017] clocksource: tsc: mask: 0xffffffffffffffff max_cycles: 0x312742bc088, max_idle_ns: 440795245657 ns\r\n[    1.866313] ata8: SATA link down (SStatus 0 SControl 300)\r\n[    1.951687] usb 1-1.6: New USB device found, idVendor=03f0, idProduct=2f4a\r\n[    1.951689] usb 1-1.6: New USB device strings: Mfr=1, Product=2, SerialNumber=0\r\n[    1.951690] usb 1-1.6: Product: HP Business Slim Keyboard\r\n[    1.951691] usb 1-1.6: Manufacturer: Chicony\r\n[    1.955091] input: Chicony HP Business Slim Keyboard as /devices/pci0000:00/0000:00:1a.0/usb1/1-1/1-1.6/1-1.6:1.0/0003:03F0:2F4A.0002/input/input3\r\n[    2.012204] hid-generic 0003:03F0:2F4A.0002: input,hidraw1: USB HID v1.10 Keyboard [Chicony HP Business Slim Keyboard] on usb-0000:00:1a.0-1.6/input0\r\n[    2.016321] input: Chicony HP Business Slim Keyboard as /devices/pci0000:00/0000:00:1a.0/usb1/1-1/1-1.6/1-1.6:1.1/0003:03F0:2F4A.0003/input/input4\r\n[    2.076252] hid-generic 0003:03F0:2F4A.0003: input,hiddev0,hidraw2: USB HID v1.10 Device [Chicony HP Business Slim Keyboard] on usb-0000:00:1a.0-1.6/input1\r\n[    2.117484] random: fast init done\r\n[    2.762238] EXT4-fs (sda1): mounted filesystem with ordered data mode. Opts: (null)\r\n[    2.876126] clocksource: Switched to clocksource tsc\r\n[    4.177573] systemd[1]: systemd 229 running in system mode. (+PAM +AUDIT +SELINUX +IMA +APPARMOR +SMACK +SYSVINIT +UTMP +LIBCRYPTSETUP +GCRYPT +GNUTLS +ACL +XZ -LZ4 +SECCOMP +BLKID +ELFUTILS +KMOD -IDN)\r\n[    4.196124] systemd[1]: Detected architecture x86-64.\r\n[    4.196271] systemd[1]: Set hostname to <titangpu>.\r\n[    4.466324] systemd[1]: Listening on /dev/initctl Compatibility Named Pipe.\r\n[    4.466368] systemd[1]: Reached target Remote File Systems (Pre).\r\n[    4.466401] systemd[1]: Listening on Journal Socket.\r\n[    4.466466] systemd[1]: Created slice User and Session Slice.\r\n[    4.466473] systemd[1]: Reached target Remote File Systems.\r\n[    4.466512] systemd[1]: Created slice System Slice.\r\n[    4.466801] systemd[1]: Starting Create list of required static device nodes for the current kernel...\r\n[    4.515782] lp: driver loaded but no devices found\r\n[    4.519535] ppdev: user-space parallel port driver\r\n[    5.802906] EXT4-fs (sda1): re-mounted. Opts: errors=remount-ro\r\n[    6.126005] systemd-journald[309]: Received request to flush runtime journal from PID 1\r\n[    6.372719] ACPI Warning: SystemIO range 0x0000000000000428-0x000000000000042F conflicts with OpRegion 0x0000000000000400-0x000000000000047F (\\PMIO) (20170831/utaddress-247)\r\n[    6.372728] ACPI: If an ACPI driver is available for this device, you should use it instead of the native driver\r\n[    6.372732] ACPI Warning: SystemIO range 0x0000000000000540-0x000000000000054F conflicts with OpRegion 0x0000000000000500-0x0000000000000563 (\\GPIO) (20170831/utaddress-247)\r\n[    6.372738] ACPI Warning: SystemIO range 0x0000000000000540-0x000000000000054F conflicts with OpRegion 0x0000000000000500-0x000000000000057F (\\_SB.PCI0.LPCB.GPBX) (20170831/utaddress-247)\r\n[    6.372743] ACPI: If an ACPI driver is available for this device, you should use it instead of the native driver\r\n[    6.372744] ACPI Warning: SystemIO range 0x0000000000000530-0x000000000000053F conflicts with OpRegion 0x0000000000000500-0x0000000000000563 (\\GPIO) (20170831/utaddress-247)\r\n[    6.372748] ACPI Warning: SystemIO range 0x0000000000000530-0x000000000000053F conflicts with OpRegion 0x0000000000000500-0x000000000000057F (\\_SB.PCI0.LPCB.GPBX) (20170831/utaddress-247)\r\n[    6.372752] ACPI: If an ACPI driver is available for this device, you should use it instead of the native driver\r\n[    6.372753] ACPI Warning: SystemIO range 0x0000000000000500-0x000000000000052F conflicts with OpRegion 0x0000000000000500-0x0000000000000563 (\\GPIO) (20170831/utaddress-247)\r\n[    6.372757] ACPI Warning: SystemIO range 0x0000000000000500-0x000000000000052F conflicts with OpRegion 0x0000000000000500-0x000000000000057F (\\_SB.PCI0.LPCB.GPBX) (20170831/utaddress-247)\r\n[    6.372760] ACPI: If an ACPI driver is available for this device, you should use it instead of the native driver\r\n[    6.372761] lpc_ich: Resource conflict(s) found affecting gpio_ich\r\n[    6.440502] shpchp: Standard Hot Plug PCI Controller Driver version: 0.4\r\n[    6.455448] audit: type=1400 audit(1542989938.938:2): apparmor=\"STATUS\" operation=\"profile_load\" profile=\"unconfined\" name=\"/usr/sbin/cups-browsed\" pid=570 comm=\"apparmor_parser\"\r\n[    6.456077] audit: type=1400 audit(1542989938.942:3): apparmor=\"STATUS\" operation=\"profile_load\" profile=\"unconfined\" name=\"/sbin/dhclient\" pid=564 comm=\"apparmor_parser\"\r\n[    6.456081] audit: type=1400 audit(1542989938.942:4): apparmor=\"STATUS\" operation=\"profile_load\" profile=\"unconfined\" name=\"/usr/lib/NetworkManager/nm-dhcp-client.action\" pid=564 comm=\"apparmor_parser\"\r\n[    6.456083] audit: type=1400 audit(1542989938.942:5): apparmor=\"STATUS\" operation=\"profile_load\" profile=\"unconfined\" name=\"/usr/lib/NetworkManager/nm-dhcp-helper\" pid=564 comm=\"apparmor_parser\"\r\n[    6.456084] audit: type=1400 audit(1542989938.942:6): apparmor=\"STATUS\" operation=\"profile_load\" profile=\"unconfined\" name=\"/usr/lib/connman/scripts/dhclient-script\" pid=564 comm=\"apparmor_parser\"\r\n[    6.456110] audit: type=1400 audit(1542989938.942:7): apparmor=\"STATUS\" operation=\"profile_load\" profile=\"unconfined\" name=\"/usr/lib/lightdm/lightdm-guest-session\" pid=563 comm=\"apparmor_parser\"\r\n[    6.456112] audit: type=1400 audit(1542989938.942:8): apparmor=\"STATUS\" operation=\"profile_load\" profile=\"unconfined\" name=\"/usr/lib/lightdm/lightdm-guest-session//chromium\" pid=563 comm=\"apparmor_parser\"\r\n[    6.456269] audit: type=1400 audit(1542989938.942:9): apparmor=\"STATUS\" operation=\"profile_load\" profile=\"unconfined\" name=\"/usr/lib/cups/backend/cups-pdf\" pid=571 comm=\"apparmor_parser\"\r\n[    6.456272] audit: type=1400 audit(1542989938.942:10): apparmor=\"STATUS\" operation=\"profile_load\" profile=\"unconfined\" name=\"/usr/sbin/cupsd\" pid=571 comm=\"apparmor_parser\"\r\n[    6.456274] audit: type=1400 audit(1542989938.942:11): apparmor=\"STATUS\" operation=\"profile_load\" profile=\"unconfined\" name=\"/usr/sbin/cupsd//third_party\" pid=571 comm=\"apparmor_parser\"\r\n[    6.485568] RAPL PMU: API unit is 2^-32 Joules, 3 fixed counters, 163840 ms ovfl timer\r\n[    6.485569] RAPL PMU: hw unit of domain pp0-core 2^-16 Joules\r\n[    6.485570] RAPL PMU: hw unit of domain package 2^-16 Joules\r\n[    6.485571] RAPL PMU: hw unit of domain pp1-gpu 2^-16 Joules\r\n[    6.507759] nvidia-uvm: Loaded the UVM driver in 8 mode, major device number 239\r\n[    6.536824] cfg80211: Loading compiled-in X.509 certificates for regulatory database\r\n[    6.543712] cfg80211: Loaded X.509 cert 'sforshee: 00b28ddf47aef9cea7'\r\n[    6.554325] AVX version of gcm_enc/dec engaged.\r\n[    6.554326] AES CTR mode by8 optimization enabled\r\n[    6.603223] platform regulatory.0: Direct firmware load for regulatory.db failed with error -2\r\n[    6.603225] cfg80211: failed to load regulatory.db\r\n[    6.649682] resource sanity check: requesting [mem 0x000e0000-0x000fffff], which spans more than PCI Bus 0000:00 [mem 0x000e0000-0x000e3fff window]\r\n[    6.649825] caller os_map_kernel_space.part.2+0x6d/0x80 [nvidia] mapping multiple BARs\r\n[    6.651112] rtl8192ce: Chip Version ID: B_CHIP_92C\r\n[    6.651808] snd_hda_intel 0000:01:00.1: Disabling MSI\r\n[    6.651811] snd_hda_intel 0000:01:00.1: Handle vga_switcheroo audio client\r\n[    6.664197] rtl8192ce: Using firmware rtlwifi/rtl8192cfw.bin\r\n[    6.682146] snd_hda_codec_realtek hdaudioC0D0: autoconfig for ALC892: line_outs=4 (0x14/0x15/0x16/0x17/0x0) type:line\r\n[    6.682149] snd_hda_codec_realtek hdaudioC0D0:    speaker_outs=0 (0x0/0x0/0x0/0x0/0x0)\r\n[    6.682151] snd_hda_codec_realtek hdaudioC0D0:    hp_outs=1 (0x1b/0x0/0x0/0x0/0x0)\r\n[    6.682152] snd_hda_codec_realtek hdaudioC0D0:    mono: mono_out=0x0\r\n[    6.682153] snd_hda_codec_realtek hdaudioC0D0:    dig-out=0x11/0x1e\r\n[    6.682154] snd_hda_codec_realtek hdaudioC0D0:    inputs:\r\n[    6.682156] snd_hda_codec_realtek hdaudioC0D0:      Front Mic=0x19\r\n[    6.682158] snd_hda_codec_realtek hdaudioC0D0:      Rear Mic=0x18\r\n[    6.682159] snd_hda_codec_realtek hdaudioC0D0:      Line=0x1a\r\n[    6.685491] ieee80211 phy0: Selected rate control algorithm 'rtl_rc'\r\n[    6.685721] rtlwifi: rtlwifi: wireless switch is on\r\n[    6.695604] input: HDA Intel PCH Front Mic as /devices/pci0000:00/0000:00:1b.0/sound/card0/input5\r\n[    6.695656] input: HDA Intel PCH Rear Mic as /devices/pci0000:00/0000:00:1b.0/sound/card0/input6\r\n[    6.695701] input: HDA Intel PCH Line as /devices/pci0000:00/0000:00:1b.0/sound/card0/input7\r\n[    6.695746] input: HDA Intel PCH Line Out Front as /devices/pci0000:00/0000:00:1b.0/sound/card0/input8\r\n[    6.695796] input: HDA Intel PCH Line Out Surround as /devices/pci0000:00/0000:00:1b.0/sound/card0/input9\r\n[    6.695844] input: HDA Intel PCH Line Out CLFE as /devices/pci0000:00/0000:00:1b.0/sound/card0/input10\r\n[    6.695889] input: HDA Intel PCH Line Out Side as /devices/pci0000:00/0000:00:1b.0/sound/card0/input11\r\n[    6.695935] input: HDA Intel PCH Front Headphone as /devices/pci0000:00/0000:00:1b.0/sound/card0/input12\r\n[    6.781141] asus_wmi: ASUS WMI generic driver loaded\r\n[    6.808836] asus_wmi: Initialization: 0x0\r\n[    6.808863] asus_wmi: BIOS WMI version: 0.9\r\n[    6.808911] asus_wmi: SFUN value: 0x0\r\n[    6.809339] input: Eee PC WMI hotkeys as /devices/platform/eeepc-wmi/input/input13\r\n[    6.809424] asus_wmi: Number of fans: 1\r\n[    6.822692] rtl8192ce 0000:03:00.0 wlp3s0: renamed from wlan0\r\n[    7.063792] resource sanity check: requesting [mem 0x000c0000-0x000fffff], which spans more than PCI Bus 0000:00 [mem 0x000d0000-0x000d3fff window]\r\n[    7.063922] caller os_map_kernel_space.part.2+0x6d/0x80 [nvidia] mapping multiple BARs\r\n[    7.105237] intel_rapl: Found RAPL domain package\r\n[    7.105238] intel_rapl: Found RAPL domain core\r\n[    7.105243] intel_rapl: RAPL package 0 domain package locked by BIOS\r\n[    7.704601] input: HDA NVidia HDMI/DP,pcm=3 as /devices/pci0000:00/0000:00:01.0/0000:01:00.1/sound/card1/input14\r\n[    7.704647] input: HDA NVidia HDMI/DP,pcm=7 as /devices/pci0000:00/0000:00:01.0/0000:01:00.1/sound/card1/input15\r\n[    7.704688] input: HDA NVidia HDMI/DP,pcm=8 as /devices/pci0000:00/0000:00:01.0/0000:01:00.1/sound/card1/input16\r\n[    7.704730] input: HDA NVidia HDMI/DP,pcm=9 as /devices/pci0000:00/0000:00:01.0/0000:01:00.1/sound/card1/input17\r\n[    8.271478] asix 7-2:1.0 eth0: register 'asix' at usb-0000:08:00.0-2, ASIX AX88772B USB 2.0 Ethernet, a0:ce:c8:03:67:ea\r\n[    8.271508] usbcore: registered new interface driver asix\r\n[    8.302516] asix 7-2:1.0 enxa0cec80367ea: renamed from eth0\r\n[    8.444855] Adding 33491964k swap on /dev/sda5.  Priority:-2 extents:1 across:33491964k SSFS\r\n[    9.394964] IPv6: ADDRCONF(NETDEV_UP): enxa0cec80367ea: link is not ready\r\n[    9.395144] IPv6: ADDRCONF(NETDEV_UP): enxa0cec80367ea: link is not ready\r\n[    9.397337] IPv6: ADDRCONF(NETDEV_UP): wlp3s0: link is not ready\r\n[    9.770136] IPv6: ADDRCONF(NETDEV_UP): wlp3s0: link is not ready\r\n[    9.774647] IPv6: ADDRCONF(NETDEV_UP): eno1: link is not ready\r\n[    9.961257] asix 7-2:1.0 enxa0cec80367ea: link up, 100Mbps, full-duplex, lpa 0xC1E1\r\n[   10.004124] IPv6: ADDRCONF(NETDEV_UP): eno1: link is not ready\r\n[   10.004154] IPv6: ADDRCONF(NETDEV_CHANGE): enxa0cec80367ea: link becomes ready\r\n[   10.475843] resource sanity check: requesting [mem 0x000c0000-0x000fffff], which spans more than PCI Bus 0000:00 [mem 0x000d0000-0x000d3fff window]\r\n[   10.475983] caller os_map_kernel_space.part.